[2024-02-07 09:43:56:8550] INFO  26032 --- [  restartedMain] .RepositoryConfigurationExtensionSupport : Spring Data JDBC - Could not safely identify store assignment for repository candidate interface com.meta.ponkids.domain.user.repository.UserRoleRepository; If you want this repository to be a JDBC repository, consider annotating your entities with one of these annotations: org.springframework.data.relational.core.mapping.Table.
[2024-02-07 09:43:56:8563] INFO  26032 --- [  restartedMain] .s.d.r.c.RepositoryConfigurationDelegate : Finished Spring Data repository scanning in 496 ms. Found 0 JDBC repository interfaces.
[2024-02-07 09:43:56:8597] INFO  26032 --- [  restartedMain] .s.d.r.c.RepositoryConfigurationDelegate : Multiple Spring Data modules found, entering strict repository configuration mode
[2024-02-07 09:43:56:8600] INFO  26032 --- [  restartedMain] .s.d.r.c.RepositoryConfigurationDelegate : Bootstrapping Spring Data JPA repositories in DEFAULT mode.
[2024-02-07 09:43:57:9522] INFO  26032 --- [  restartedMain] .s.d.r.c.RepositoryConfigurationDelegate : Finished Spring Data repository scanning in 886 ms. Found 25 JPA repository interfaces.
[2024-02-07 09:43:58:11003] INFO  26032 --- [  restartedMain] trationDelegate$BeanPostProcessorChecker : Bean 'org.springframework.ws.config.annotation.DelegatingWsConfiguration' of type [org.springframework.ws.config.annotation.DelegatingWsConfiguration$$EnhancerBySpringCGLIB$$33714c84] is not eligible for getting processed by all BeanPostProcessors (for example: not eligible for auto-proxying)
[2024-02-07 09:43:58:11091] INFO  26032 --- [  restartedMain] .w.s.a.s.AnnotationActionEndpointMapping : Supporting [WS-Addressing August 2004, WS-Addressing 1.0]
[2024-02-07 09:44:01:13527] INFO  26032 --- [  restartedMain] o.s.b.w.e.tomcat.TomcatWebServer         : Tomcat initialized with port(s): 8080 (http)
[2024-02-07 09:44:01:13553] INFO  26032 --- [  restartedMain] o.a.coyote.http11.Http11NioProtocol      : Initializing ProtocolHandler ["http-nio-8080"]
[2024-02-07 09:44:01:13557] INFO  26032 --- [  restartedMain] o.a.catalina.core.StandardService        : Starting service [Tomcat]
[2024-02-07 09:44:01:13561] INFO  26032 --- [  restartedMain] o.a.catalina.core.StandardEngine         : Starting Servlet engine: [Apache Tomcat/9.0.82]
[2024-02-07 09:44:01:13944] INFO  26032 --- [  restartedMain] o.a.c.c.C.[Tomcat].[localhost].[/]       : Initializing Spring embedded WebApplicationContext
[2024-02-07 09:44:01:13944] INFO  26032 --- [  restartedMain] w.s.c.ServletWebServerApplicationContext : Root WebApplicationContext: initialization completed in 9489 ms
[2024-02-07 09:44:03:15681] INFO  26032 --- [  restartedMain] org.hibernate.Version                    : HHH000412: Hibernate ORM core version 5.6.15.Final
[2024-02-07 09:44:03:16145] INFO  26032 --- [  restartedMain] o.h.annotations.common.Version           : HCANN000001: Hibernate Commons Annotations {5.1.2.Final}
[2024-02-07 09:44:04:16666] INFO  26032 --- [  restartedMain] com.zaxxer.hikari.HikariDataSource       : HikariPool-1 - Starting...
[2024-02-07 09:44:04:16966] INFO  26032 --- [  restartedMain] com.zaxxer.hikari.HikariDataSource       : HikariPool-1 - Start completed.
[2024-02-07 09:44:04:17173] INFO  26032 --- [  restartedMain] org.hibernate.dialect.Dialect            : HHH000400: Using dialect: org.hibernate.dialect.PostgreSQL10Dialect
[2024-02-07 09:44:06:19259] INFO  26032 --- [  restartedMain] p6spy                                    : #1707266646799 | took 30ms | statement | connection 1| url jdbc:postgresql://db.jjeovi.gabia.io:5432/dbjjeovi
select * from information_schema.sequences
select * from information_schema.sequences;
[2024-02-07 09:44:08:21365] INFO  26032 --- [  restartedMain] o.h.e.t.j.p.i.JtaPlatformInitiator       : HHH000490: Using JtaPlatform implementation: [org.hibernate.engine.transaction.jta.platform.internal.NoJtaPlatform]
[2024-02-07 09:44:08:21397] INFO  26032 --- [  restartedMain] j.LocalContainerEntityManagerFactoryBean : Initialized JPA EntityManagerFactory for persistence unit 'default'
[2024-02-07 09:44:15:28176] INFO  26032 --- [  restartedMain] o.s.s.web.DefaultSecurityFilterChain     : Will secure any request with [org.springframework.security.web.session.DisableEncodeUrlFilter@4c72194a, org.springframework.security.web.session.ForceEagerSessionCreationFilter@189844a1, org.springframework.security.web.session.ForceEagerSessionCreationFilter@fc857a0, org.springframework.security.web.context.request.async.WebAsyncManagerIntegrationFilter@4651ae52, org.springframework.security.web.context.SecurityContextPersistenceFilter@44f8d83, org.springframework.security.web.header.HeaderWriterFilter@99b97e7, org.springframework.security.web.csrf.CsrfFilter@40cb8d71, org.springframework.security.web.authentication.logout.LogoutFilter@2c50f7ef, org.springframework.security.oauth2.client.web.OAuth2AuthorizationRequestRedirectFilter@56283d1a, org.springframework.security.oauth2.client.web.OAuth2LoginAuthenticationFilter@cc2233a, org.springframework.security.web.authentication.UsernamePasswordAuthenticationFilter@1044b2e, org.springframework.security.web.authentication.ui.DefaultLoginPageGeneratingFilter@7ad2922e, org.springframework.security.web.authentication.ui.DefaultLogoutPageGeneratingFilter@36c84cbe, org.springframework.security.web.savedrequest.RequestCacheAwareFilter@2cd7607b, org.springframework.security.web.servletapi.SecurityContextHolderAwareRequestFilter@44b14210, org.springframework.security.web.authentication.AnonymousAuthenticationFilter@6aacbb64, org.springframework.security.web.session.SessionManagementFilter@62883d3b, org.springframework.security.web.access.ExceptionTranslationFilter@78a96f83, org.springframework.security.web.access.intercept.FilterSecurityInterceptor@26380011]
[2024-02-07 09:44:17:29857] INFO  26032 --- [  restartedMain] o.s.b.a.w.s.WelcomePageHandlerMapping    : Adding welcome page template: index
[2024-02-07 09:44:21:34325] INFO  26032 --- [  restartedMain] o.s.b.d.a.OptionalLiveReloadServer       : LiveReload server is running on port 35729
[2024-02-07 09:44:21:34354] INFO  26032 --- [  restartedMain] o.a.coyote.http11.Http11NioProtocol      : Starting ProtocolHandler ["http-nio-8080"]
[2024-02-07 09:44:21:34437] INFO  26032 --- [  restartedMain] o.s.b.w.e.tomcat.TomcatWebServer         : Tomcat started on port(s): 8080 (http) with context path ''
[2024-02-07 09:44:22:34577] INFO  26032 --- [  restartedMain] com.meta.ponkids.PonkidsApplication      : Started PonkidsApplication in 33.923 seconds (JVM running for 35.798)
