ERROR 24-02-07 03:01:59 [restartedMain] [SpringApplication-reportFailure:818] - Application run failed
java.lang.IllegalStateException: java.lang.IllegalStateException: Logback configuration error detected: 
ERROR in ch.qos.logback.core.joran.action.PropertyAction - Could not find resource [application.properties].
	at org.springframework.boot.context.logging.LoggingApplicationListener.initializeSystem(LoggingApplicationListener.java:344)
	at org.springframework.boot.context.logging.LoggingApplicationListener.initialize(LoggingApplicationListener.java:298)
	at org.springframework.boot.context.logging.LoggingApplicationListener.onApplicationEnvironmentPreparedEvent(LoggingApplicationListener.java:246)
	at org.springframework.boot.context.logging.LoggingApplicationListener.onApplicationEvent(LoggingApplicationListener.java:223)
	at org.springframework.context.event.SimpleApplicationEventMulticaster.doInvokeListener(SimpleApplicationEventMulticaster.java:178)
	at org.springframework.context.event.SimpleApplicationEventMulticaster.invokeListener(SimpleApplicationEventMulticaster.java:171)
	at org.springframework.context.event.SimpleApplicationEventMulticaster.multicastEvent(SimpleApplicationEventMulticaster.java:145)
	at org.springframework.context.event.SimpleApplicationEventMulticaster.multicastEvent(SimpleApplicationEventMulticaster.java:133)
	at org.springframework.boot.context.event.EventPublishingRunListener.environmentPrepared(EventPublishingRunListener.java:85)
	at org.springframework.boot.SpringApplicationRunListeners.lambda$environmentPrepared$2(SpringApplicationRunListeners.java:66)
	at java.base/java.util.ArrayList.forEach(ArrayList.java:1511)
	at org.springframework.boot.SpringApplicationRunListeners.doWithListeners(SpringApplicationRunListeners.java:120)
	at org.springframework.boot.SpringApplicationRunListeners.doWithListeners(SpringApplicationRunListeners.java:114)
	at org.springframework.boot.SpringApplicationRunListeners.environmentPrepared(SpringApplicationRunListeners.java:65)
	at org.springframework.boot.SpringApplication.prepareEnvironment(SpringApplication.java:344)
	at org.springframework.boot.SpringApplication.run(SpringApplication.java:302)
	at org.springframework.boot.SpringApplication.run(SpringApplication.java:1300)
	at org.springframework.boot.SpringApplication.run(SpringApplication.java:1289)
	at com.meta.ponkids.PonkidsApplication.main(PonkidsApplication.java:21)
	at java.base/jdk.internal.reflect.DirectMethodHandleAccessor.invoke(DirectMethodHandleAccessor.java:104)
	at java.base/java.lang.reflect.Method.invoke(Method.java:577)
	at org.springframework.boot.devtools.restart.RestartLauncher.run(RestartLauncher.java:50)
Caused by: java.lang.IllegalStateException: Logback configuration error detected: 
ERROR in ch.qos.logback.core.joran.action.PropertyAction - Could not find resource [application.properties].
	at org.springframework.boot.logging.logback.LogbackLoggingSystem.reportConfigurationErrorsIfNecessary(LogbackLoggingSystem.java:189)
	at org.springframework.boot.logging.logback.LogbackLoggingSystem.loadConfiguration(LogbackLoggingSystem.java:170)
	at org.springframework.boot.logging.AbstractLoggingSystem.initializeWithConventions(AbstractLoggingSystem.java:80)
	at org.springframework.boot.logging.AbstractLoggingSystem.initialize(AbstractLoggingSystem.java:60)
	at org.springframework.boot.logging.logback.LogbackLoggingSystem.initialize(LogbackLoggingSystem.java:132)
	at org.springframework.boot.context.logging.LoggingApplicationListener.initializeSystem(LoggingApplicationListener.java:329)
	... 21 common frames omitted
ERROR 24-02-07 03:02:04 [restartedMain] [SpringApplication-reportFailure:818] - Application run failed
java.lang.IllegalStateException: java.lang.IllegalStateException: Logback configuration error detected: 
ERROR in ch.qos.logback.core.joran.action.PropertyAction - Could not find resource [application.properties].
	at org.springframework.boot.context.logging.LoggingApplicationListener.initializeSystem(LoggingApplicationListener.java:344)
	at org.springframework.boot.context.logging.LoggingApplicationListener.initialize(LoggingApplicationListener.java:298)
	at org.springframework.boot.context.logging.LoggingApplicationListener.onApplicationEnvironmentPreparedEvent(LoggingApplicationListener.java:246)
	at org.springframework.boot.context.logging.LoggingApplicationListener.onApplicationEvent(LoggingApplicationListener.java:223)
	at org.springframework.context.event.SimpleApplicationEventMulticaster.doInvokeListener(SimpleApplicationEventMulticaster.java:178)
	at org.springframework.context.event.SimpleApplicationEventMulticaster.invokeListener(SimpleApplicationEventMulticaster.java:171)
	at org.springframework.context.event.SimpleApplicationEventMulticaster.multicastEvent(SimpleApplicationEventMulticaster.java:145)
	at org.springframework.context.event.SimpleApplicationEventMulticaster.multicastEvent(SimpleApplicationEventMulticaster.java:133)
	at org.springframework.boot.context.event.EventPublishingRunListener.environmentPrepared(EventPublishingRunListener.java:85)
	at org.springframework.boot.SpringApplicationRunListeners.lambda$environmentPrepared$2(SpringApplicationRunListeners.java:66)
	at java.base/java.util.ArrayList.forEach(ArrayList.java:1511)
	at org.springframework.boot.SpringApplicationRunListeners.doWithListeners(SpringApplicationRunListeners.java:120)
	at org.springframework.boot.SpringApplicationRunListeners.doWithListeners(SpringApplicationRunListeners.java:114)
	at org.springframework.boot.SpringApplicationRunListeners.environmentPrepared(SpringApplicationRunListeners.java:65)
	at org.springframework.boot.SpringApplication.prepareEnvironment(SpringApplication.java:344)
	at org.springframework.boot.SpringApplication.run(SpringApplication.java:302)
	at org.springframework.boot.SpringApplication.run(SpringApplication.java:1300)
	at org.springframework.boot.SpringApplication.run(SpringApplication.java:1289)
	at com.meta.ponkids.PonkidsApplication.main(PonkidsApplication.java:21)
	at java.base/jdk.internal.reflect.DirectMethodHandleAccessor.invoke(DirectMethodHandleAccessor.java:104)
	at java.base/java.lang.reflect.Method.invoke(Method.java:577)
	at org.springframework.boot.devtools.restart.RestartLauncher.run(RestartLauncher.java:50)
Caused by: java.lang.IllegalStateException: Logback configuration error detected: 
ERROR in ch.qos.logback.core.joran.action.PropertyAction - Could not find resource [application.properties].
	at org.springframework.boot.logging.logback.LogbackLoggingSystem.reportConfigurationErrorsIfNecessary(LogbackLoggingSystem.java:189)
	at org.springframework.boot.logging.logback.LogbackLoggingSystem.loadConfiguration(LogbackLoggingSystem.java:170)
	at org.springframework.boot.logging.AbstractLoggingSystem.initializeWithConventions(AbstractLoggingSystem.java:80)
	at org.springframework.boot.logging.AbstractLoggingSystem.initialize(AbstractLoggingSystem.java:60)
	at org.springframework.boot.logging.logback.LogbackLoggingSystem.initialize(LogbackLoggingSystem.java:132)
	at org.springframework.boot.context.logging.LoggingApplicationListener.initializeSystem(LoggingApplicationListener.java:329)
	... 21 common frames omitted
ERROR 24-02-07 03:05:28 [restartedMain] [SpringApplication-reportFailure:818] - Application run failed
java.lang.IllegalStateException: java.lang.IllegalStateException: Logback configuration error detected: 
ERROR in ch.qos.logback.core.joran.action.PropertyAction - Could not find resource [application.properties].
	at org.springframework.boot.context.logging.LoggingApplicationListener.initializeSystem(LoggingApplicationListener.java:344)
	at org.springframework.boot.context.logging.LoggingApplicationListener.initialize(LoggingApplicationListener.java:298)
	at org.springframework.boot.context.logging.LoggingApplicationListener.onApplicationEnvironmentPreparedEvent(LoggingApplicationListener.java:246)
	at org.springframework.boot.context.logging.LoggingApplicationListener.onApplicationEvent(LoggingApplicationListener.java:223)
	at org.springframework.context.event.SimpleApplicationEventMulticaster.doInvokeListener(SimpleApplicationEventMulticaster.java:178)
	at org.springframework.context.event.SimpleApplicationEventMulticaster.invokeListener(SimpleApplicationEventMulticaster.java:171)
	at org.springframework.context.event.SimpleApplicationEventMulticaster.multicastEvent(SimpleApplicationEventMulticaster.java:145)
	at org.springframework.context.event.SimpleApplicationEventMulticaster.multicastEvent(SimpleApplicationEventMulticaster.java:133)
	at org.springframework.boot.context.event.EventPublishingRunListener.environmentPrepared(EventPublishingRunListener.java:85)
	at org.springframework.boot.SpringApplicationRunListeners.lambda$environmentPrepared$2(SpringApplicationRunListeners.java:66)
	at java.base/java.util.ArrayList.forEach(ArrayList.java:1511)
	at org.springframework.boot.SpringApplicationRunListeners.doWithListeners(SpringApplicationRunListeners.java:120)
	at org.springframework.boot.SpringApplicationRunListeners.doWithListeners(SpringApplicationRunListeners.java:114)
	at org.springframework.boot.SpringApplicationRunListeners.environmentPrepared(SpringApplicationRunListeners.java:65)
	at org.springframework.boot.SpringApplication.prepareEnvironment(SpringApplication.java:344)
	at org.springframework.boot.SpringApplication.run(SpringApplication.java:302)
	at org.springframework.boot.SpringApplication.run(SpringApplication.java:1300)
	at org.springframework.boot.SpringApplication.run(SpringApplication.java:1289)
	at com.meta.ponkids.PonkidsApplication.main(PonkidsApplication.java:21)
	at java.base/jdk.internal.reflect.DirectMethodHandleAccessor.invoke(DirectMethodHandleAccessor.java:104)
	at java.base/java.lang.reflect.Method.invoke(Method.java:577)
	at org.springframework.boot.devtools.restart.RestartLauncher.run(RestartLauncher.java:50)
Caused by: java.lang.IllegalStateException: Logback configuration error detected: 
ERROR in ch.qos.logback.core.joran.action.PropertyAction - Could not find resource [application.properties].
	at org.springframework.boot.logging.logback.LogbackLoggingSystem.reportConfigurationErrorsIfNecessary(LogbackLoggingSystem.java:189)
	at org.springframework.boot.logging.logback.LogbackLoggingSystem.loadConfiguration(LogbackLoggingSystem.java:170)
	at org.springframework.boot.logging.AbstractLoggingSystem.initializeWithConventions(AbstractLoggingSystem.java:80)
	at org.springframework.boot.logging.AbstractLoggingSystem.initialize(AbstractLoggingSystem.java:60)
	at org.springframework.boot.logging.logback.LogbackLoggingSystem.initialize(LogbackLoggingSystem.java:132)
	at org.springframework.boot.context.logging.LoggingApplicationListener.initializeSystem(LoggingApplicationListener.java:329)
	... 21 common frames omitted
ERROR 24-02-07 03:06:29 [restartedMain] [SpringApplication-reportFailure:818] - Application run failed
java.lang.IllegalStateException: java.lang.IllegalStateException: Logback configuration error detected: 
ERROR in ch.qos.logback.core.joran.action.PropertyAction - Could not find resource [application.properties].
	at org.springframework.boot.context.logging.LoggingApplicationListener.initializeSystem(LoggingApplicationListener.java:344)
	at org.springframework.boot.context.logging.LoggingApplicationListener.initialize(LoggingApplicationListener.java:298)
	at org.springframework.boot.context.logging.LoggingApplicationListener.onApplicationEnvironmentPreparedEvent(LoggingApplicationListener.java:246)
	at org.springframework.boot.context.logging.LoggingApplicationListener.onApplicationEvent(LoggingApplicationListener.java:223)
	at org.springframework.context.event.SimpleApplicationEventMulticaster.doInvokeListener(SimpleApplicationEventMulticaster.java:178)
	at org.springframework.context.event.SimpleApplicationEventMulticaster.invokeListener(SimpleApplicationEventMulticaster.java:171)
	at org.springframework.context.event.SimpleApplicationEventMulticaster.multicastEvent(SimpleApplicationEventMulticaster.java:145)
	at org.springframework.context.event.SimpleApplicationEventMulticaster.multicastEvent(SimpleApplicationEventMulticaster.java:133)
	at org.springframework.boot.context.event.EventPublishingRunListener.environmentPrepared(EventPublishingRunListener.java:85)
	at org.springframework.boot.SpringApplicationRunListeners.lambda$environmentPrepared$2(SpringApplicationRunListeners.java:66)
	at java.base/java.util.ArrayList.forEach(ArrayList.java:1511)
	at org.springframework.boot.SpringApplicationRunListeners.doWithListeners(SpringApplicationRunListeners.java:120)
	at org.springframework.boot.SpringApplicationRunListeners.doWithListeners(SpringApplicationRunListeners.java:114)
	at org.springframework.boot.SpringApplicationRunListeners.environmentPrepared(SpringApplicationRunListeners.java:65)
	at org.springframework.boot.SpringApplication.prepareEnvironment(SpringApplication.java:344)
	at org.springframework.boot.SpringApplication.run(SpringApplication.java:302)
	at org.springframework.boot.SpringApplication.run(SpringApplication.java:1300)
	at org.springframework.boot.SpringApplication.run(SpringApplication.java:1289)
	at com.meta.ponkids.PonkidsApplication.main(PonkidsApplication.java:21)
	at java.base/jdk.internal.reflect.DirectMethodHandleAccessor.invoke(DirectMethodHandleAccessor.java:104)
	at java.base/java.lang.reflect.Method.invoke(Method.java:577)
	at org.springframework.boot.devtools.restart.RestartLauncher.run(RestartLauncher.java:50)
Caused by: java.lang.IllegalStateException: Logback configuration error detected: 
ERROR in ch.qos.logback.core.joran.action.PropertyAction - Could not find resource [application.properties].
	at org.springframework.boot.logging.logback.LogbackLoggingSystem.reportConfigurationErrorsIfNecessary(LogbackLoggingSystem.java:189)
	at org.springframework.boot.logging.logback.LogbackLoggingSystem.loadConfiguration(LogbackLoggingSystem.java:170)
	at org.springframework.boot.logging.AbstractLoggingSystem.initializeWithSpecificConfig(AbstractLoggingSystem.java:66)
	at org.springframework.boot.logging.AbstractLoggingSystem.initialize(AbstractLoggingSystem.java:57)
	at org.springframework.boot.logging.logback.LogbackLoggingSystem.initialize(LogbackLoggingSystem.java:132)
	at org.springframework.boot.context.logging.LoggingApplicationListener.initializeSystem(LoggingApplicationListener.java:332)
	... 21 common frames omitted
ERROR 24-02-07 03:08:13 [restartedMain] [SpringApplication-reportFailure:818] - Application run failed
java.lang.IllegalStateException: java.lang.IllegalStateException: Logback configuration error detected: 
ERROR in ch.qos.logback.core.joran.action.PropertyAction - Could not find resource [application.properties].
	at org.springframework.boot.context.logging.LoggingApplicationListener.initializeSystem(LoggingApplicationListener.java:344)
	at org.springframework.boot.context.logging.LoggingApplicationListener.initialize(LoggingApplicationListener.java:298)
	at org.springframework.boot.context.logging.LoggingApplicationListener.onApplicationEnvironmentPreparedEvent(LoggingApplicationListener.java:246)
	at org.springframework.boot.context.logging.LoggingApplicationListener.onApplicationEvent(LoggingApplicationListener.java:223)
	at org.springframework.context.event.SimpleApplicationEventMulticaster.doInvokeListener(SimpleApplicationEventMulticaster.java:178)
	at org.springframework.context.event.SimpleApplicationEventMulticaster.invokeListener(SimpleApplicationEventMulticaster.java:171)
	at org.springframework.context.event.SimpleApplicationEventMulticaster.multicastEvent(SimpleApplicationEventMulticaster.java:145)
	at org.springframework.context.event.SimpleApplicationEventMulticaster.multicastEvent(SimpleApplicationEventMulticaster.java:133)
	at org.springframework.boot.context.event.EventPublishingRunListener.environmentPrepared(EventPublishingRunListener.java:85)
	at org.springframework.boot.SpringApplicationRunListeners.lambda$environmentPrepared$2(SpringApplicationRunListeners.java:66)
	at java.base/java.util.ArrayList.forEach(ArrayList.java:1511)
	at org.springframework.boot.SpringApplicationRunListeners.doWithListeners(SpringApplicationRunListeners.java:120)
	at org.springframework.boot.SpringApplicationRunListeners.doWithListeners(SpringApplicationRunListeners.java:114)
	at org.springframework.boot.SpringApplicationRunListeners.environmentPrepared(SpringApplicationRunListeners.java:65)
	at org.springframework.boot.SpringApplication.prepareEnvironment(SpringApplication.java:344)
	at org.springframework.boot.SpringApplication.run(SpringApplication.java:302)
	at org.springframework.boot.SpringApplication.run(SpringApplication.java:1300)
	at org.springframework.boot.SpringApplication.run(SpringApplication.java:1289)
	at com.meta.ponkids.PonkidsApplication.main(PonkidsApplication.java:21)
	at java.base/jdk.internal.reflect.DirectMethodHandleAccessor.invoke(DirectMethodHandleAccessor.java:104)
	at java.base/java.lang.reflect.Method.invoke(Method.java:577)
	at org.springframework.boot.devtools.restart.RestartLauncher.run(RestartLauncher.java:50)
Caused by: java.lang.IllegalStateException: Logback configuration error detected: 
ERROR in ch.qos.logback.core.joran.action.PropertyAction - Could not find resource [application.properties].
	at org.springframework.boot.logging.logback.LogbackLoggingSystem.reportConfigurationErrorsIfNecessary(LogbackLoggingSystem.java:189)
	at org.springframework.boot.logging.logback.LogbackLoggingSystem.loadConfiguration(LogbackLoggingSystem.java:170)
	at org.springframework.boot.logging.AbstractLoggingSystem.initializeWithSpecificConfig(AbstractLoggingSystem.java:66)
	at org.springframework.boot.logging.AbstractLoggingSystem.initialize(AbstractLoggingSystem.java:57)
	at org.springframework.boot.logging.logback.LogbackLoggingSystem.initialize(LogbackLoggingSystem.java:132)
	at org.springframework.boot.context.logging.LoggingApplicationListener.initializeSystem(LoggingApplicationListener.java:332)
	... 21 common frames omitted
INFO  24-02-07 03:08:47 [background-preinit] [Version-<clinit>:21] - HV000001: Hibernate Validator 6.2.5.Final
INFO  24-02-07 03:08:47 [restartedMain] [PonkidsApplication-logStarting:55] - Starting PonkidsApplication using Java 18.0.2.1 on LAPTOP-ABAR1HUM with PID 6580 (C:\Users\USER\Desktop\jjeovi\ponkids\eclipse\workspace\ponkids\bin\main started by USER in C:\Users\USER\Desktop\jjeovi\ponkids\eclipse\workspace\ponkids)
INFO  24-02-07 03:08:47 [restartedMain] [PonkidsApplication-logStartupProfileInfo:638] - The following 3 profiles are active: "sns", "file-logging", "local"
INFO  24-02-07 03:08:48 [restartedMain] [DevToolsPropertyDefaultsPostProcessor-logTo:255] - Devtools property defaults active! Set 'spring.devtools.add-properties' to 'false' to disable
INFO  24-02-07 03:08:48 [restartedMain] [DevToolsPropertyDefaultsPostProcessor-logTo:255] - For additional web related logging consider setting the 'logging.level.web' property to 'DEBUG'
INFO  24-02-07 03:08:49 [restartedMain] [RepositoryConfigurationDelegate-multipleStoresDetected:262] - Multiple Spring Data modules found, entering strict repository configuration mode
INFO  24-02-07 03:08:49 [restartedMain] [RepositoryConfigurationDelegate-registerRepositoriesIn:132] - Bootstrapping Spring Data JDBC repositories in DEFAULT mode.
INFO  24-02-07 03:08:49 [restartedMain] [RepositoryConfigurationExtensionSupport-isStrictRepositoryCandidate:349] - Spring Data JDBC - Could not safely identify store assignment for repository candidate interface com.meta.ponkids.domain.bbs.repository.BbsRepository; If you want this repository to be a JDBC repository, consider annotating your entities with one of these annotations: org.springframework.data.relational.core.mapping.Table.
INFO  24-02-07 03:08:49 [restartedMain] [RepositoryConfigurationExtensionSupport-isStrictRepositoryCandidate:349] - Spring Data JDBC - Could not safely identify store assignment for repository candidate interface com.meta.ponkids.domain.cls.repository.ClassCategoryCl01Repository; If you want this repository to be a JDBC repository, consider annotating your entities with one of these annotations: org.springframework.data.relational.core.mapping.Table.
INFO  24-02-07 03:08:49 [restartedMain] [RepositoryConfigurationExtensionSupport-isStrictRepositoryCandidate:349] - Spring Data JDBC - Could not safely identify store assignment for repository candidate interface com.meta.ponkids.domain.cls.repository.ClassCategoryCl02Repository; If you want this repository to be a JDBC repository, consider annotating your entities with one of these annotations: org.springframework.data.relational.core.mapping.Table.
INFO  24-02-07 03:08:49 [restartedMain] [RepositoryConfigurationExtensionSupport-isStrictRepositoryCandidate:349] - Spring Data JDBC - Could not safely identify store assignment for repository candidate interface com.meta.ponkids.domain.cls.repository.ClassDetailOptnRepository; If you want this repository to be a JDBC repository, consider annotating your entities with one of these annotations: org.springframework.data.relational.core.mapping.Table.
INFO  24-02-07 03:08:49 [restartedMain] [RepositoryConfigurationExtensionSupport-isStrictRepositoryCandidate:349] - Spring Data JDBC - Could not safely identify store assignment for repository candidate interface com.meta.ponkids.domain.cls.repository.ClassDetailRepository; If you want this repository to be a JDBC repository, consider annotating your entities with one of these annotations: org.springframework.data.relational.core.mapping.Table.
INFO  24-02-07 03:08:49 [restartedMain] [RepositoryConfigurationExtensionSupport-isStrictRepositoryCandidate:349] - Spring Data JDBC - Could not safely identify store assignment for repository candidate interface com.meta.ponkids.domain.cls.repository.ClassRepository; If you want this repository to be a JDBC repository, consider annotating your entities with one of these annotations: org.springframework.data.relational.core.mapping.Table.
INFO  24-02-07 03:08:49 [restartedMain] [RepositoryConfigurationExtensionSupport-isStrictRepositoryCandidate:349] - Spring Data JDBC - Could not safely identify store assignment for repository candidate interface com.meta.ponkids.domain.cls.repository.ClassWeekRepository; If you want this repository to be a JDBC repository, consider annotating your entities with one of these annotations: org.springframework.data.relational.core.mapping.Table.
INFO  24-02-07 03:08:49 [restartedMain] [RepositoryConfigurationExtensionSupport-isStrictRepositoryCandidate:349] - Spring Data JDBC - Could not safely identify store assignment for repository candidate interface com.meta.ponkids.domain.lctre.repository.LctreRepository; If you want this repository to be a JDBC repository, consider annotating your entities with one of these annotations: org.springframework.data.relational.core.mapping.Table.
INFO  24-02-07 03:08:49 [restartedMain] [RepositoryConfigurationExtensionSupport-isStrictRepositoryCandidate:349] - Spring Data JDBC - Could not safely identify store assignment for repository candidate interface com.meta.ponkids.domain.ntt.repository.NttReplyRepository; If you want this repository to be a JDBC repository, consider annotating your entities with one of these annotations: org.springframework.data.relational.core.mapping.Table.
INFO  24-02-07 03:08:49 [restartedMain] [RepositoryConfigurationExtensionSupport-isStrictRepositoryCandidate:349] - Spring Data JDBC - Could not safely identify store assignment for repository candidate interface com.meta.ponkids.domain.ntt.repository.NttRepository; If you want this repository to be a JDBC repository, consider annotating your entities with one of these annotations: org.springframework.data.relational.core.mapping.Table.
INFO  24-02-07 03:08:49 [restartedMain] [RepositoryConfigurationExtensionSupport-isStrictRepositoryCandidate:349] - Spring Data JDBC - Could not safely identify store assignment for repository candidate interface com.meta.ponkids.domain.system.banner.repository.BannerRepository; If you want this repository to be a JDBC repository, consider annotating your entities with one of these annotations: org.springframework.data.relational.core.mapping.Table.
INFO  24-02-07 03:08:49 [restartedMain] [RepositoryConfigurationExtensionSupport-isStrictRepositoryCandidate:349] - Spring Data JDBC - Could not safely identify store assignment for repository candidate interface com.meta.ponkids.domain.system.cmmnCd.repository.CmmnCdDetailRepository; If you want this repository to be a JDBC repository, consider annotating your entities with one of these annotations: org.springframework.data.relational.core.mapping.Table.
INFO  24-02-07 03:08:49 [restartedMain] [RepositoryConfigurationExtensionSupport-isStrictRepositoryCandidate:349] - Spring Data JDBC - Could not safely identify store assignment for repository candidate interface com.meta.ponkids.domain.system.cmmnCd.repository.CmmnCdRepository; If you want this repository to be a JDBC repository, consider annotating your entities with one of these annotations: org.springframework.data.relational.core.mapping.Table.
INFO  24-02-07 03:08:49 [restartedMain] [RepositoryConfigurationExtensionSupport-isStrictRepositoryCandidate:349] - Spring Data JDBC - Could not safely identify store assignment for repository candidate interface com.meta.ponkids.domain.system.file.repository.AtchFileDetailRepository; If you want this repository to be a JDBC repository, consider annotating your entities with one of these annotations: org.springframework.data.relational.core.mapping.Table.
INFO  24-02-07 03:08:49 [restartedMain] [RepositoryConfigurationExtensionSupport-isStrictRepositoryCandidate:349] - Spring Data JDBC - Could not safely identify store assignment for repository candidate interface com.meta.ponkids.domain.system.file.repository.AtchFileRepository; If you want this repository to be a JDBC repository, consider annotating your entities with one of these annotations: org.springframework.data.relational.core.mapping.Table.
INFO  24-02-07 03:08:49 [restartedMain] [RepositoryConfigurationExtensionSupport-isStrictRepositoryCandidate:349] - Spring Data JDBC - Could not safely identify store assignment for repository candidate interface com.meta.ponkids.domain.system.login.repository.LoginRepository; If you want this repository to be a JDBC repository, consider annotating your entities with one of these annotations: org.springframework.data.relational.core.mapping.Table.
INFO  24-02-07 03:08:49 [restartedMain] [RepositoryConfigurationExtensionSupport-isStrictRepositoryCandidate:349] - Spring Data JDBC - Could not safely identify store assignment for repository candidate interface com.meta.ponkids.domain.system.menu.repository.AdminMenuHierarchyRepository; If you want this repository to be a JDBC repository, consider annotating your entities with one of these annotations: org.springframework.data.relational.core.mapping.Table.
INFO  24-02-07 03:08:49 [restartedMain] [RepositoryConfigurationExtensionSupport-isStrictRepositoryCandidate:349] - Spring Data JDBC - Could not safely identify store assignment for repository candidate interface com.meta.ponkids.domain.system.menu.repository.MenuRepository; If you want this repository to be a JDBC repository, consider annotating your entities with one of these annotations: org.springframework.data.relational.core.mapping.Table.
INFO  24-02-07 03:08:49 [restartedMain] [RepositoryConfigurationExtensionSupport-isStrictRepositoryCandidate:349] - Spring Data JDBC - Could not safely identify store assignment for repository candidate interface com.meta.ponkids.domain.system.menu.repository.MenuRoleRepository; If you want this repository to be a JDBC repository, consider annotating your entities with one of these annotations: org.springframework.data.relational.core.mapping.Table.
INFO  24-02-07 03:08:49 [restartedMain] [RepositoryConfigurationExtensionSupport-isStrictRepositoryCandidate:349] - Spring Data JDBC - Could not safely identify store assignment for repository candidate interface com.meta.ponkids.domain.system.menu.repository.UserMenuHierarchyRepository; If you want this repository to be a JDBC repository, consider annotating your entities with one of these annotations: org.springframework.data.relational.core.mapping.Table.
INFO  24-02-07 03:08:49 [restartedMain] [RepositoryConfigurationExtensionSupport-isStrictRepositoryCandidate:349] - Spring Data JDBC - Could not safely identify store assignment for repository candidate interface com.meta.ponkids.domain.system.popup.repository.PopupRepository; If you want this repository to be a JDBC repository, consider annotating your entities with one of these annotations: org.springframework.data.relational.core.mapping.Table.
INFO  24-02-07 03:08:49 [restartedMain] [RepositoryConfigurationExtensionSupport-isStrictRepositoryCandidate:349] - Spring Data JDBC - Could not safely identify store assignment for repository candidate interface com.meta.ponkids.domain.system.role.repository.RoleRepository; If you want this repository to be a JDBC repository, consider annotating your entities with one of these annotations: org.springframework.data.relational.core.mapping.Table.
INFO  24-02-07 03:08:49 [restartedMain] [RepositoryConfigurationExtensionSupport-isStrictRepositoryCandidate:349] - Spring Data JDBC - Could not safely identify store assignment for repository candidate interface com.meta.ponkids.domain.user.repository.UserChldrnRepository; If you want this repository to be a JDBC repository, consider annotating your entities with one of these annotations: org.springframework.data.relational.core.mapping.Table.
INFO  24-02-07 03:08:49 [restartedMain] [RepositoryConfigurationExtensionSupport-isStrictRepositoryCandidate:349] - Spring Data JDBC - Could not safely identify store assignment for repository candidate interface com.meta.ponkids.domain.user.repository.UserRepository; If you want this repository to be a JDBC repository, consider annotating your entities with one of these annotations: org.springframework.data.relational.core.mapping.Table.
INFO  24-02-07 03:08:49 [restartedMain] [RepositoryConfigurationExtensionSupport-isStrictRepositoryCandidate:349] - Spring Data JDBC - Could not safely identify store assignment for repository candidate interface com.meta.ponkids.domain.user.repository.UserRoleRepository; If you want this repository to be a JDBC repository, consider annotating your entities with one of these annotations: org.springframework.data.relational.core.mapping.Table.
INFO  24-02-07 03:08:49 [restartedMain] [RepositoryConfigurationDelegate-registerRepositoriesIn:201] - Finished Spring Data repository scanning in 134 ms. Found 0 JDBC repository interfaces.
INFO  24-02-07 03:08:49 [restartedMain] [RepositoryConfigurationDelegate-multipleStoresDetected:262] - Multiple Spring Data modules found, entering strict repository configuration mode
INFO  24-02-07 03:08:49 [restartedMain] [RepositoryConfigurationDelegate-registerRepositoriesIn:132] - Bootstrapping Spring Data JPA repositories in DEFAULT mode.
INFO  24-02-07 03:08:49 [restartedMain] [RepositoryConfigurationDelegate-registerRepositoriesIn:201] - Finished Spring Data repository scanning in 247 ms. Found 25 JPA repository interfaces.
INFO  24-02-07 03:08:49 [restartedMain] [PostProcessorRegistrationDelegate$BeanPostProcessorChecker-postProcessAfterInitialization:376] - Bean 'org.springframework.ws.config.annotation.DelegatingWsConfiguration' of type [org.springframework.ws.config.annotation.DelegatingWsConfiguration$$EnhancerBySpringCGLIB$$97ae8260] is not eligible for getting processed by all BeanPostProcessors (for example: not eligible for auto-proxying)
INFO  24-02-07 03:08:49 [restartedMain] [AnnotationActionEndpointMapping-afterPropertiesSet:239] - Supporting [WS-Addressing August 2004, WS-Addressing 1.0]
INFO  24-02-07 03:08:50 [restartedMain] [TomcatWebServer-initialize:108] - Tomcat initialized with port(s): 8080 (http)
INFO  24-02-07 03:08:50 [restartedMain] [Http11NioProtocol-log:173] - Initializing ProtocolHandler ["http-nio-8080"]
INFO  24-02-07 03:08:50 [restartedMain] [StandardService-log:173] - Starting service [Tomcat]
INFO  24-02-07 03:08:50 [restartedMain] [StandardEngine-log:173] - Starting Servlet engine: [Apache Tomcat/9.0.82]
INFO  24-02-07 03:08:50 [restartedMain] [[/]-log:173] - Initializing Spring embedded WebApplicationContext
INFO  24-02-07 03:08:50 [restartedMain] [ServletWebServerApplicationContext-prepareWebApplicationContext:292] - Root WebApplicationContext: initialization completed in 2596 ms
INFO  24-02-07 03:08:51 [restartedMain] [LogHelper-logPersistenceUnitInformation:31] - HHH000204: Processing PersistenceUnitInfo [name: default]
INFO  24-02-07 03:08:51 [restartedMain] [Version-logVersion:44] - HHH000412: Hibernate ORM core version 5.6.15.Final
INFO  24-02-07 03:08:51 [restartedMain] [Version-<clinit>:56] - HCANN000001: Hibernate Commons Annotations {5.1.2.Final}
INFO  24-02-07 03:08:51 [restartedMain] [HikariDataSource-getConnection:110] - HikariPool-1 - Starting...
INFO  24-02-07 03:08:51 [restartedMain] [HikariDataSource-getConnection:123] - HikariPool-1 - Start completed.
INFO  24-02-07 03:08:51 [restartedMain] [Dialect-<init>:175] - HHH000400: Using dialect: org.hibernate.dialect.PostgreSQL10Dialect
INFO  24-02-07 03:08:51 [restartedMain] [p6spy-logSQL:60] - #1707242931879 | took 21ms | statement | connection 1| url jdbc:postgresql://db.jjeovi.gabia.io:5432/dbjjeovi
select * from information_schema.sequences
select * from information_schema.sequences;
INFO  24-02-07 03:08:52 [restartedMain] [JtaPlatformInitiator-initiateService:52] - HHH000490: Using JtaPlatform implementation: [org.hibernate.engine.transaction.jta.platform.internal.NoJtaPlatform]
INFO  24-02-07 03:08:52 [restartedMain] [LocalContainerEntityManagerFactoryBean-buildNativeEntityManagerFactory:437] - Initialized JPA EntityManagerFactory for persistence unit 'default'
WARN  24-02-07 03:08:54 [restartedMain] [JpaBaseConfiguration$JpaWebConfiguration-openEntityManagerInViewInterceptor:223] - spring.jpa.open-in-view is enabled by default. Therefore, database queries may be performed during view rendering. Explicitly configure spring.jpa.open-in-view to disable this warning
DEBUG 24-02-07 03:08:54 [restartedMain] [ExpressionBasedFilterInvocationSecurityMetadataSource-process:72] - Adding web access control expression [permitAll] for ExactUrl [processUrl='/login']
DEBUG 24-02-07 03:08:54 [restartedMain] [ExpressionBasedFilterInvocationSecurityMetadataSource-process:72] - Adding web access control expression [permitAll] for ExactUrl [processUrl='/admLogin']
DEBUG 24-02-07 03:08:54 [restartedMain] [ExpressionBasedFilterInvocationSecurityMetadataSource-process:72] - Adding web access control expression [permitAll] for Ant [pattern='/**']
INFO  24-02-07 03:08:54 [restartedMain] [DefaultSecurityFilterChain-<init>:55] - Will secure any request with [org.springframework.security.web.session.DisableEncodeUrlFilter@22f096f5, org.springframework.security.web.session.ForceEagerSessionCreationFilter@257ca18d, org.springframework.security.web.session.ForceEagerSessionCreationFilter@16895191, org.springframework.security.web.context.request.async.WebAsyncManagerIntegrationFilter@4c76d902, org.springframework.security.web.context.SecurityContextPersistenceFilter@447ed131, org.springframework.security.web.header.HeaderWriterFilter@65621d61, org.springframework.security.web.csrf.CsrfFilter@ac7c1b, org.springframework.security.web.authentication.logout.LogoutFilter@258d7f2d, org.springframework.security.oauth2.client.web.OAuth2AuthorizationRequestRedirectFilter@207debba, org.springframework.security.oauth2.client.web.OAuth2LoginAuthenticationFilter@3dd95df3, org.springframework.security.web.authentication.UsernamePasswordAuthenticationFilter@3ff69793, org.springframework.security.web.authentication.ui.DefaultLoginPageGeneratingFilter@6d6ff7fb, org.springframework.security.web.authentication.ui.DefaultLogoutPageGeneratingFilter@12e25dbe, org.springframework.security.web.savedrequest.RequestCacheAwareFilter@23caad2e, org.springframework.security.web.servletapi.SecurityContextHolderAwareRequestFilter@16e67b5e, org.springframework.security.web.authentication.AnonymousAuthenticationFilter@34033629, org.springframework.security.web.session.SessionManagementFilter@67300a91, org.springframework.security.web.access.ExceptionTranslationFilter@7b0f561, org.springframework.security.web.access.intercept.FilterSecurityInterceptor@2cfa9eb7]
INFO  24-02-07 03:08:54 [restartedMain] [WelcomePageHandlerMapping-<init>:60] - Adding welcome page template: index
INFO  24-02-07 03:08:55 [restartedMain] [OptionalLiveReloadServer-startServer:59] - LiveReload server is running on port 35729
INFO  24-02-07 03:08:55 [restartedMain] [Http11NioProtocol-log:173] - Starting ProtocolHandler ["http-nio-8080"]
INFO  24-02-07 03:08:55 [restartedMain] [TomcatWebServer-start:220] - Tomcat started on port(s): 8080 (http) with context path ''
INFO  24-02-07 03:08:55 [restartedMain] [PonkidsApplication-logStarted:61] - Started PonkidsApplication in 8.525 seconds (JVM running for 9.167)
INFO  24-02-07 03:10:22 [background-preinit] [Version-<clinit>:21] - HV000001: Hibernate Validator 6.2.5.Final
INFO  24-02-07 03:10:22 [restartedMain] [PonkidsApplication-logStarting:55] - Starting PonkidsApplication using Java 18.0.2.1 on LAPTOP-ABAR1HUM with PID 924 (C:\Users\USER\Desktop\jjeovi\ponkids\eclipse\workspace\ponkids\bin\main started by USER in C:\Users\USER\Desktop\jjeovi\ponkids\eclipse\workspace\ponkids)
INFO  24-02-07 03:10:22 [restartedMain] [PonkidsApplication-logStartupProfileInfo:638] - The following 3 profiles are active: "sns", "file-logging", "local"
INFO  24-02-07 03:10:22 [restartedMain] [DevToolsPropertyDefaultsPostProcessor-logTo:255] - Devtools property defaults active! Set 'spring.devtools.add-properties' to 'false' to disable
INFO  24-02-07 03:10:22 [restartedMain] [DevToolsPropertyDefaultsPostProcessor-logTo:255] - For additional web related logging consider setting the 'logging.level.web' property to 'DEBUG'
INFO  24-02-07 03:10:23 [restartedMain] [RepositoryConfigurationDelegate-multipleStoresDetected:262] - Multiple Spring Data modules found, entering strict repository configuration mode
INFO  24-02-07 03:10:23 [restartedMain] [RepositoryConfigurationDelegate-registerRepositoriesIn:132] - Bootstrapping Spring Data JDBC repositories in DEFAULT mode.
INFO  24-02-07 03:10:23 [restartedMain] [RepositoryConfigurationExtensionSupport-isStrictRepositoryCandidate:349] - Spring Data JDBC - Could not safely identify store assignment for repository candidate interface com.meta.ponkids.domain.bbs.repository.BbsRepository; If you want this repository to be a JDBC repository, consider annotating your entities with one of these annotations: org.springframework.data.relational.core.mapping.Table.
INFO  24-02-07 03:10:23 [restartedMain] [RepositoryConfigurationExtensionSupport-isStrictRepositoryCandidate:349] - Spring Data JDBC - Could not safely identify store assignment for repository candidate interface com.meta.ponkids.domain.cls.repository.ClassCategoryCl01Repository; If you want this repository to be a JDBC repository, consider annotating your entities with one of these annotations: org.springframework.data.relational.core.mapping.Table.
INFO  24-02-07 03:10:23 [restartedMain] [RepositoryConfigurationExtensionSupport-isStrictRepositoryCandidate:349] - Spring Data JDBC - Could not safely identify store assignment for repository candidate interface com.meta.ponkids.domain.cls.repository.ClassCategoryCl02Repository; If you want this repository to be a JDBC repository, consider annotating your entities with one of these annotations: org.springframework.data.relational.core.mapping.Table.
INFO  24-02-07 03:10:23 [restartedMain] [RepositoryConfigurationExtensionSupport-isStrictRepositoryCandidate:349] - Spring Data JDBC - Could not safely identify store assignment for repository candidate interface com.meta.ponkids.domain.cls.repository.ClassDetailOptnRepository; If you want this repository to be a JDBC repository, consider annotating your entities with one of these annotations: org.springframework.data.relational.core.mapping.Table.
INFO  24-02-07 03:10:23 [restartedMain] [RepositoryConfigurationExtensionSupport-isStrictRepositoryCandidate:349] - Spring Data JDBC - Could not safely identify store assignment for repository candidate interface com.meta.ponkids.domain.cls.repository.ClassDetailRepository; If you want this repository to be a JDBC repository, consider annotating your entities with one of these annotations: org.springframework.data.relational.core.mapping.Table.
INFO  24-02-07 03:10:23 [restartedMain] [RepositoryConfigurationExtensionSupport-isStrictRepositoryCandidate:349] - Spring Data JDBC - Could not safely identify store assignment for repository candidate interface com.meta.ponkids.domain.cls.repository.ClassRepository; If you want this repository to be a JDBC repository, consider annotating your entities with one of these annotations: org.springframework.data.relational.core.mapping.Table.
INFO  24-02-07 03:10:23 [restartedMain] [RepositoryConfigurationExtensionSupport-isStrictRepositoryCandidate:349] - Spring Data JDBC - Could not safely identify store assignment for repository candidate interface com.meta.ponkids.domain.cls.repository.ClassWeekRepository; If you want this repository to be a JDBC repository, consider annotating your entities with one of these annotations: org.springframework.data.relational.core.mapping.Table.
INFO  24-02-07 03:10:23 [restartedMain] [RepositoryConfigurationExtensionSupport-isStrictRepositoryCandidate:349] - Spring Data JDBC - Could not safely identify store assignment for repository candidate interface com.meta.ponkids.domain.lctre.repository.LctreRepository; If you want this repository to be a JDBC repository, consider annotating your entities with one of these annotations: org.springframework.data.relational.core.mapping.Table.
INFO  24-02-07 03:10:23 [restartedMain] [RepositoryConfigurationExtensionSupport-isStrictRepositoryCandidate:349] - Spring Data JDBC - Could not safely identify store assignment for repository candidate interface com.meta.ponkids.domain.ntt.repository.NttReplyRepository; If you want this repository to be a JDBC repository, consider annotating your entities with one of these annotations: org.springframework.data.relational.core.mapping.Table.
INFO  24-02-07 03:10:23 [restartedMain] [RepositoryConfigurationExtensionSupport-isStrictRepositoryCandidate:349] - Spring Data JDBC - Could not safely identify store assignment for repository candidate interface com.meta.ponkids.domain.ntt.repository.NttRepository; If you want this repository to be a JDBC repository, consider annotating your entities with one of these annotations: org.springframework.data.relational.core.mapping.Table.
INFO  24-02-07 03:10:23 [restartedMain] [RepositoryConfigurationExtensionSupport-isStrictRepositoryCandidate:349] - Spring Data JDBC - Could not safely identify store assignment for repository candidate interface com.meta.ponkids.domain.system.banner.repository.BannerRepository; If you want this repository to be a JDBC repository, consider annotating your entities with one of these annotations: org.springframework.data.relational.core.mapping.Table.
INFO  24-02-07 03:10:23 [restartedMain] [RepositoryConfigurationExtensionSupport-isStrictRepositoryCandidate:349] - Spring Data JDBC - Could not safely identify store assignment for repository candidate interface com.meta.ponkids.domain.system.cmmnCd.repository.CmmnCdDetailRepository; If you want this repository to be a JDBC repository, consider annotating your entities with one of these annotations: org.springframework.data.relational.core.mapping.Table.
INFO  24-02-07 03:10:23 [restartedMain] [RepositoryConfigurationExtensionSupport-isStrictRepositoryCandidate:349] - Spring Data JDBC - Could not safely identify store assignment for repository candidate interface com.meta.ponkids.domain.system.cmmnCd.repository.CmmnCdRepository; If you want this repository to be a JDBC repository, consider annotating your entities with one of these annotations: org.springframework.data.relational.core.mapping.Table.
INFO  24-02-07 03:10:23 [restartedMain] [RepositoryConfigurationExtensionSupport-isStrictRepositoryCandidate:349] - Spring Data JDBC - Could not safely identify store assignment for repository candidate interface com.meta.ponkids.domain.system.file.repository.AtchFileDetailRepository; If you want this repository to be a JDBC repository, consider annotating your entities with one of these annotations: org.springframework.data.relational.core.mapping.Table.
INFO  24-02-07 03:10:23 [restartedMain] [RepositoryConfigurationExtensionSupport-isStrictRepositoryCandidate:349] - Spring Data JDBC - Could not safely identify store assignment for repository candidate interface com.meta.ponkids.domain.system.file.repository.AtchFileRepository; If you want this repository to be a JDBC repository, consider annotating your entities with one of these annotations: org.springframework.data.relational.core.mapping.Table.
INFO  24-02-07 03:10:23 [restartedMain] [RepositoryConfigurationExtensionSupport-isStrictRepositoryCandidate:349] - Spring Data JDBC - Could not safely identify store assignment for repository candidate interface com.meta.ponkids.domain.system.login.repository.LoginRepository; If you want this repository to be a JDBC repository, consider annotating your entities with one of these annotations: org.springframework.data.relational.core.mapping.Table.
INFO  24-02-07 03:10:23 [restartedMain] [RepositoryConfigurationExtensionSupport-isStrictRepositoryCandidate:349] - Spring Data JDBC - Could not safely identify store assignment for repository candidate interface com.meta.ponkids.domain.system.menu.repository.AdminMenuHierarchyRepository; If you want this repository to be a JDBC repository, consider annotating your entities with one of these annotations: org.springframework.data.relational.core.mapping.Table.
INFO  24-02-07 03:10:23 [restartedMain] [RepositoryConfigurationExtensionSupport-isStrictRepositoryCandidate:349] - Spring Data JDBC - Could not safely identify store assignment for repository candidate interface com.meta.ponkids.domain.system.menu.repository.MenuRepository; If you want this repository to be a JDBC repository, consider annotating your entities with one of these annotations: org.springframework.data.relational.core.mapping.Table.
INFO  24-02-07 03:10:23 [restartedMain] [RepositoryConfigurationExtensionSupport-isStrictRepositoryCandidate:349] - Spring Data JDBC - Could not safely identify store assignment for repository candidate interface com.meta.ponkids.domain.system.menu.repository.MenuRoleRepository; If you want this repository to be a JDBC repository, consider annotating your entities with one of these annotations: org.springframework.data.relational.core.mapping.Table.
INFO  24-02-07 03:10:23 [restartedMain] [RepositoryConfigurationExtensionSupport-isStrictRepositoryCandidate:349] - Spring Data JDBC - Could not safely identify store assignment for repository candidate interface com.meta.ponkids.domain.system.menu.repository.UserMenuHierarchyRepository; If you want this repository to be a JDBC repository, consider annotating your entities with one of these annotations: org.springframework.data.relational.core.mapping.Table.
INFO  24-02-07 03:10:23 [restartedMain] [RepositoryConfigurationExtensionSupport-isStrictRepositoryCandidate:349] - Spring Data JDBC - Could not safely identify store assignment for repository candidate interface com.meta.ponkids.domain.system.popup.repository.PopupRepository; If you want this repository to be a JDBC repository, consider annotating your entities with one of these annotations: org.springframework.data.relational.core.mapping.Table.
INFO  24-02-07 03:10:23 [restartedMain] [RepositoryConfigurationExtensionSupport-isStrictRepositoryCandidate:349] - Spring Data JDBC - Could not safely identify store assignment for repository candidate interface com.meta.ponkids.domain.system.role.repository.RoleRepository; If you want this repository to be a JDBC repository, consider annotating your entities with one of these annotations: org.springframework.data.relational.core.mapping.Table.
INFO  24-02-07 03:10:23 [restartedMain] [RepositoryConfigurationExtensionSupport-isStrictRepositoryCandidate:349] - Spring Data JDBC - Could not safely identify store assignment for repository candidate interface com.meta.ponkids.domain.user.repository.UserChldrnRepository; If you want this repository to be a JDBC repository, consider annotating your entities with one of these annotations: org.springframework.data.relational.core.mapping.Table.
INFO  24-02-07 03:10:23 [restartedMain] [RepositoryConfigurationExtensionSupport-isStrictRepositoryCandidate:349] - Spring Data JDBC - Could not safely identify store assignment for repository candidate interface com.meta.ponkids.domain.user.repository.UserRepository; If you want this repository to be a JDBC repository, consider annotating your entities with one of these annotations: org.springframework.data.relational.core.mapping.Table.
INFO  24-02-07 03:10:23 [restartedMain] [RepositoryConfigurationExtensionSupport-isStrictRepositoryCandidate:349] - Spring Data JDBC - Could not safely identify store assignment for repository candidate interface com.meta.ponkids.domain.user.repository.UserRoleRepository; If you want this repository to be a JDBC repository, consider annotating your entities with one of these annotations: org.springframework.data.relational.core.mapping.Table.
INFO  24-02-07 03:10:23 [restartedMain] [RepositoryConfigurationDelegate-registerRepositoriesIn:201] - Finished Spring Data repository scanning in 116 ms. Found 0 JDBC repository interfaces.
INFO  24-02-07 03:10:23 [restartedMain] [RepositoryConfigurationDelegate-multipleStoresDetected:262] - Multiple Spring Data modules found, entering strict repository configuration mode
INFO  24-02-07 03:10:23 [restartedMain] [RepositoryConfigurationDelegate-registerRepositoriesIn:132] - Bootstrapping Spring Data JPA repositories in DEFAULT mode.
INFO  24-02-07 03:10:23 [restartedMain] [RepositoryConfigurationDelegate-registerRepositoriesIn:201] - Finished Spring Data repository scanning in 228 ms. Found 25 JPA repository interfaces.
INFO  24-02-07 03:10:24 [restartedMain] [PostProcessorRegistrationDelegate$BeanPostProcessorChecker-postProcessAfterInitialization:376] - Bean 'org.springframework.ws.config.annotation.DelegatingWsConfiguration' of type [org.springframework.ws.config.annotation.DelegatingWsConfiguration$$EnhancerBySpringCGLIB$$12ab3dd] is not eligible for getting processed by all BeanPostProcessors (for example: not eligible for auto-proxying)
INFO  24-02-07 03:10:24 [restartedMain] [AnnotationActionEndpointMapping-afterPropertiesSet:239] - Supporting [WS-Addressing August 2004, WS-Addressing 1.0]
INFO  24-02-07 03:10:25 [restartedMain] [TomcatWebServer-initialize:108] - Tomcat initialized with port(s): 8080 (http)
INFO  24-02-07 03:10:25 [restartedMain] [Http11NioProtocol-log:173] - Initializing ProtocolHandler ["http-nio-8080"]
INFO  24-02-07 03:10:25 [restartedMain] [StandardService-log:173] - Starting service [Tomcat]
INFO  24-02-07 03:10:25 [restartedMain] [StandardEngine-log:173] - Starting Servlet engine: [Apache Tomcat/9.0.82]
INFO  24-02-07 03:10:25 [restartedMain] [[/]-log:173] - Initializing Spring embedded WebApplicationContext
INFO  24-02-07 03:10:25 [restartedMain] [ServletWebServerApplicationContext-prepareWebApplicationContext:292] - Root WebApplicationContext: initialization completed in 2593 ms
INFO  24-02-07 03:10:25 [restartedMain] [LogHelper-logPersistenceUnitInformation:31] - HHH000204: Processing PersistenceUnitInfo [name: default]
INFO  24-02-07 03:10:25 [restartedMain] [Version-logVersion:44] - HHH000412: Hibernate ORM core version 5.6.15.Final
INFO  24-02-07 03:10:25 [restartedMain] [Version-<clinit>:56] - HCANN000001: Hibernate Commons Annotations {5.1.2.Final}
INFO  24-02-07 03:10:25 [restartedMain] [HikariDataSource-getConnection:110] - HikariPool-1 - Starting...
INFO  24-02-07 03:10:26 [restartedMain] [HikariDataSource-getConnection:123] - HikariPool-1 - Start completed.
INFO  24-02-07 03:10:26 [restartedMain] [Dialect-<init>:175] - HHH000400: Using dialect: org.hibernate.dialect.PostgreSQL10Dialect
INFO  24-02-07 03:10:26 [restartedMain] [p6spy-logSQL:60] - #1707243026349 | took 26ms | statement | connection 1| url jdbc:postgresql://db.jjeovi.gabia.io:5432/dbjjeovi
select * from information_schema.sequences
select * from information_schema.sequences;
INFO  24-02-07 03:10:27 [restartedMain] [JtaPlatformInitiator-initiateService:52] - HHH000490: Using JtaPlatform implementation: [org.hibernate.engine.transaction.jta.platform.internal.NoJtaPlatform]
INFO  24-02-07 03:10:27 [restartedMain] [LocalContainerEntityManagerFactoryBean-buildNativeEntityManagerFactory:437] - Initialized JPA EntityManagerFactory for persistence unit 'default'
WARN  24-02-07 03:10:28 [restartedMain] [JpaBaseConfiguration$JpaWebConfiguration-openEntityManagerInViewInterceptor:223] - spring.jpa.open-in-view is enabled by default. Therefore, database queries may be performed during view rendering. Explicitly configure spring.jpa.open-in-view to disable this warning
DEBUG 24-02-07 03:10:28 [restartedMain] [ExpressionBasedFilterInvocationSecurityMetadataSource-process:72] - Adding web access control expression [permitAll] for ExactUrl [processUrl='/login']
DEBUG 24-02-07 03:10:28 [restartedMain] [ExpressionBasedFilterInvocationSecurityMetadataSource-process:72] - Adding web access control expression [permitAll] for ExactUrl [processUrl='/admLogin']
DEBUG 24-02-07 03:10:28 [restartedMain] [ExpressionBasedFilterInvocationSecurityMetadataSource-process:72] - Adding web access control expression [permitAll] for Ant [pattern='/**']
INFO  24-02-07 03:10:28 [restartedMain] [DefaultSecurityFilterChain-<init>:55] - Will secure any request with [org.springframework.security.web.session.DisableEncodeUrlFilter@73ce7e9d, org.springframework.security.web.session.ForceEagerSessionCreationFilter@172e17e7, org.springframework.security.web.session.ForceEagerSessionCreationFilter@79d467d5, org.springframework.security.web.context.request.async.WebAsyncManagerIntegrationFilter@6a85ff71, org.springframework.security.web.context.SecurityContextPersistenceFilter@122d01df, org.springframework.security.web.header.HeaderWriterFilter@f36874, org.springframework.security.web.csrf.CsrfFilter@447ed131, org.springframework.security.web.authentication.logout.LogoutFilter@424ff222, org.springframework.security.oauth2.client.web.OAuth2AuthorizationRequestRedirectFilter@4a9de1f0, org.springframework.security.oauth2.client.web.OAuth2LoginAuthenticationFilter@60cd393c, org.springframework.security.web.authentication.UsernamePasswordAuthenticationFilter@3dd95df3, org.springframework.security.web.authentication.ui.DefaultLoginPageGeneratingFilter@24948bf2, org.springframework.security.web.authentication.ui.DefaultLogoutPageGeneratingFilter@d40fcad, org.springframework.security.web.savedrequest.RequestCacheAwareFilter@3c4124a9, org.springframework.security.web.servletapi.SecurityContextHolderAwareRequestFilter@7ee0f225, org.springframework.security.web.authentication.AnonymousAuthenticationFilter@d7a510e, org.springframework.security.web.session.SessionManagementFilter@5e2605c7, org.springframework.security.web.access.ExceptionTranslationFilter@258d7f2d, org.springframework.security.web.access.intercept.FilterSecurityInterceptor@5670de3d]
INFO  24-02-07 03:10:29 [restartedMain] [WelcomePageHandlerMapping-<init>:60] - Adding welcome page template: index
INFO  24-02-07 03:10:30 [restartedMain] [OptionalLiveReloadServer-startServer:59] - LiveReload server is running on port 35729
INFO  24-02-07 03:10:30 [restartedMain] [Http11NioProtocol-log:173] - Starting ProtocolHandler ["http-nio-8080"]
INFO  24-02-07 03:10:30 [restartedMain] [TomcatWebServer-start:220] - Tomcat started on port(s): 8080 (http) with context path ''
INFO  24-02-07 03:10:30 [restartedMain] [PonkidsApplication-logStarted:61] - Started PonkidsApplication in 8.923 seconds (JVM running for 9.589)
INFO  24-02-07 03:11:06 [File Watcher] [LocalDevToolsAutoConfiguration$RestartingClassPathChangeChangedEventListener-onApplicationEvent:211] - Restarting due to 1 class path change (0 additions, 0 deletions, 1 modification)
INFO  24-02-07 03:11:15 [background-preinit] [Version-<clinit>:21] - HV000001: Hibernate Validator 6.2.5.Final
INFO  24-02-07 03:11:15 [restartedMain] [PonkidsApplication-logStarting:55] - Starting PonkidsApplication using Java 18.0.2.1 on LAPTOP-ABAR1HUM with PID 3184 (C:\Users\USER\Desktop\jjeovi\ponkids\eclipse\workspace\ponkids\bin\main started by USER in C:\Users\USER\Desktop\jjeovi\ponkids\eclipse\workspace\ponkids)
INFO  24-02-07 03:11:15 [restartedMain] [PonkidsApplication-logStartupProfileInfo:638] - The following 3 profiles are active: "sns", "file-logging", "local"
INFO  24-02-07 03:11:16 [restartedMain] [DevToolsPropertyDefaultsPostProcessor-logTo:255] - Devtools property defaults active! Set 'spring.devtools.add-properties' to 'false' to disable
INFO  24-02-07 03:11:16 [restartedMain] [DevToolsPropertyDefaultsPostProcessor-logTo:255] - For additional web related logging consider setting the 'logging.level.web' property to 'DEBUG'
INFO  24-02-07 03:11:17 [restartedMain] [RepositoryConfigurationDelegate-multipleStoresDetected:262] - Multiple Spring Data modules found, entering strict repository configuration mode
INFO  24-02-07 03:11:17 [restartedMain] [RepositoryConfigurationDelegate-registerRepositoriesIn:132] - Bootstrapping Spring Data JDBC repositories in DEFAULT mode.
INFO  24-02-07 03:11:17 [restartedMain] [RepositoryConfigurationExtensionSupport-isStrictRepositoryCandidate:349] - Spring Data JDBC - Could not safely identify store assignment for repository candidate interface com.meta.ponkids.domain.bbs.repository.BbsRepository; If you want this repository to be a JDBC repository, consider annotating your entities with one of these annotations: org.springframework.data.relational.core.mapping.Table.
INFO  24-02-07 03:11:17 [restartedMain] [RepositoryConfigurationExtensionSupport-isStrictRepositoryCandidate:349] - Spring Data JDBC - Could not safely identify store assignment for repository candidate interface com.meta.ponkids.domain.cls.repository.ClassCategoryCl01Repository; If you want this repository to be a JDBC repository, consider annotating your entities with one of these annotations: org.springframework.data.relational.core.mapping.Table.
INFO  24-02-07 03:11:17 [restartedMain] [RepositoryConfigurationExtensionSupport-isStrictRepositoryCandidate:349] - Spring Data JDBC - Could not safely identify store assignment for repository candidate interface com.meta.ponkids.domain.cls.repository.ClassCategoryCl02Repository; If you want this repository to be a JDBC repository, consider annotating your entities with one of these annotations: org.springframework.data.relational.core.mapping.Table.
INFO  24-02-07 03:11:17 [restartedMain] [RepositoryConfigurationExtensionSupport-isStrictRepositoryCandidate:349] - Spring Data JDBC - Could not safely identify store assignment for repository candidate interface com.meta.ponkids.domain.cls.repository.ClassDetailOptnRepository; If you want this repository to be a JDBC repository, consider annotating your entities with one of these annotations: org.springframework.data.relational.core.mapping.Table.
INFO  24-02-07 03:11:17 [restartedMain] [RepositoryConfigurationExtensionSupport-isStrictRepositoryCandidate:349] - Spring Data JDBC - Could not safely identify store assignment for repository candidate interface com.meta.ponkids.domain.cls.repository.ClassDetailRepository; If you want this repository to be a JDBC repository, consider annotating your entities with one of these annotations: org.springframework.data.relational.core.mapping.Table.
INFO  24-02-07 03:11:17 [restartedMain] [RepositoryConfigurationExtensionSupport-isStrictRepositoryCandidate:349] - Spring Data JDBC - Could not safely identify store assignment for repository candidate interface com.meta.ponkids.domain.cls.repository.ClassRepository; If you want this repository to be a JDBC repository, consider annotating your entities with one of these annotations: org.springframework.data.relational.core.mapping.Table.
INFO  24-02-07 03:11:17 [restartedMain] [RepositoryConfigurationExtensionSupport-isStrictRepositoryCandidate:349] - Spring Data JDBC - Could not safely identify store assignment for repository candidate interface com.meta.ponkids.domain.cls.repository.ClassWeekRepository; If you want this repository to be a JDBC repository, consider annotating your entities with one of these annotations: org.springframework.data.relational.core.mapping.Table.
INFO  24-02-07 03:11:17 [restartedMain] [RepositoryConfigurationExtensionSupport-isStrictRepositoryCandidate:349] - Spring Data JDBC - Could not safely identify store assignment for repository candidate interface com.meta.ponkids.domain.lctre.repository.LctreRepository; If you want this repository to be a JDBC repository, consider annotating your entities with one of these annotations: org.springframework.data.relational.core.mapping.Table.
INFO  24-02-07 03:11:17 [restartedMain] [RepositoryConfigurationExtensionSupport-isStrictRepositoryCandidate:349] - Spring Data JDBC - Could not safely identify store assignment for repository candidate interface com.meta.ponkids.domain.ntt.repository.NttReplyRepository; If you want this repository to be a JDBC repository, consider annotating your entities with one of these annotations: org.springframework.data.relational.core.mapping.Table.
INFO  24-02-07 03:11:17 [restartedMain] [RepositoryConfigurationExtensionSupport-isStrictRepositoryCandidate:349] - Spring Data JDBC - Could not safely identify store assignment for repository candidate interface com.meta.ponkids.domain.ntt.repository.NttRepository; If you want this repository to be a JDBC repository, consider annotating your entities with one of these annotations: org.springframework.data.relational.core.mapping.Table.
INFO  24-02-07 03:11:17 [restartedMain] [RepositoryConfigurationExtensionSupport-isStrictRepositoryCandidate:349] - Spring Data JDBC - Could not safely identify store assignment for repository candidate interface com.meta.ponkids.domain.system.banner.repository.BannerRepository; If you want this repository to be a JDBC repository, consider annotating your entities with one of these annotations: org.springframework.data.relational.core.mapping.Table.
INFO  24-02-07 03:11:17 [restartedMain] [RepositoryConfigurationExtensionSupport-isStrictRepositoryCandidate:349] - Spring Data JDBC - Could not safely identify store assignment for repository candidate interface com.meta.ponkids.domain.system.cmmnCd.repository.CmmnCdDetailRepository; If you want this repository to be a JDBC repository, consider annotating your entities with one of these annotations: org.springframework.data.relational.core.mapping.Table.
INFO  24-02-07 03:11:17 [restartedMain] [RepositoryConfigurationExtensionSupport-isStrictRepositoryCandidate:349] - Spring Data JDBC - Could not safely identify store assignment for repository candidate interface com.meta.ponkids.domain.system.cmmnCd.repository.CmmnCdRepository; If you want this repository to be a JDBC repository, consider annotating your entities with one of these annotations: org.springframework.data.relational.core.mapping.Table.
INFO  24-02-07 03:11:17 [restartedMain] [RepositoryConfigurationExtensionSupport-isStrictRepositoryCandidate:349] - Spring Data JDBC - Could not safely identify store assignment for repository candidate interface com.meta.ponkids.domain.system.file.repository.AtchFileDetailRepository; If you want this repository to be a JDBC repository, consider annotating your entities with one of these annotations: org.springframework.data.relational.core.mapping.Table.
INFO  24-02-07 03:11:17 [restartedMain] [RepositoryConfigurationExtensionSupport-isStrictRepositoryCandidate:349] - Spring Data JDBC - Could not safely identify store assignment for repository candidate interface com.meta.ponkids.domain.system.file.repository.AtchFileRepository; If you want this repository to be a JDBC repository, consider annotating your entities with one of these annotations: org.springframework.data.relational.core.mapping.Table.
INFO  24-02-07 03:11:17 [restartedMain] [RepositoryConfigurationExtensionSupport-isStrictRepositoryCandidate:349] - Spring Data JDBC - Could not safely identify store assignment for repository candidate interface com.meta.ponkids.domain.system.login.repository.LoginRepository; If you want this repository to be a JDBC repository, consider annotating your entities with one of these annotations: org.springframework.data.relational.core.mapping.Table.
INFO  24-02-07 03:11:17 [restartedMain] [RepositoryConfigurationExtensionSupport-isStrictRepositoryCandidate:349] - Spring Data JDBC - Could not safely identify store assignment for repository candidate interface com.meta.ponkids.domain.system.menu.repository.AdminMenuHierarchyRepository; If you want this repository to be a JDBC repository, consider annotating your entities with one of these annotations: org.springframework.data.relational.core.mapping.Table.
INFO  24-02-07 03:11:17 [restartedMain] [RepositoryConfigurationExtensionSupport-isStrictRepositoryCandidate:349] - Spring Data JDBC - Could not safely identify store assignment for repository candidate interface com.meta.ponkids.domain.system.menu.repository.MenuRepository; If you want this repository to be a JDBC repository, consider annotating your entities with one of these annotations: org.springframework.data.relational.core.mapping.Table.
INFO  24-02-07 03:11:17 [restartedMain] [RepositoryConfigurationExtensionSupport-isStrictRepositoryCandidate:349] - Spring Data JDBC - Could not safely identify store assignment for repository candidate interface com.meta.ponkids.domain.system.menu.repository.MenuRoleRepository; If you want this repository to be a JDBC repository, consider annotating your entities with one of these annotations: org.springframework.data.relational.core.mapping.Table.
INFO  24-02-07 03:11:17 [restartedMain] [RepositoryConfigurationExtensionSupport-isStrictRepositoryCandidate:349] - Spring Data JDBC - Could not safely identify store assignment for repository candidate interface com.meta.ponkids.domain.system.menu.repository.UserMenuHierarchyRepository; If you want this repository to be a JDBC repository, consider annotating your entities with one of these annotations: org.springframework.data.relational.core.mapping.Table.
INFO  24-02-07 03:11:17 [restartedMain] [RepositoryConfigurationExtensionSupport-isStrictRepositoryCandidate:349] - Spring Data JDBC - Could not safely identify store assignment for repository candidate interface com.meta.ponkids.domain.system.popup.repository.PopupRepository; If you want this repository to be a JDBC repository, consider annotating your entities with one of these annotations: org.springframework.data.relational.core.mapping.Table.
INFO  24-02-07 03:11:17 [restartedMain] [RepositoryConfigurationExtensionSupport-isStrictRepositoryCandidate:349] - Spring Data JDBC - Could not safely identify store assignment for repository candidate interface com.meta.ponkids.domain.system.role.repository.RoleRepository; If you want this repository to be a JDBC repository, consider annotating your entities with one of these annotations: org.springframework.data.relational.core.mapping.Table.
INFO  24-02-07 03:11:17 [restartedMain] [RepositoryConfigurationExtensionSupport-isStrictRepositoryCandidate:349] - Spring Data JDBC - Could not safely identify store assignment for repository candidate interface com.meta.ponkids.domain.user.repository.UserChldrnRepository; If you want this repository to be a JDBC repository, consider annotating your entities with one of these annotations: org.springframework.data.relational.core.mapping.Table.
INFO  24-02-07 03:11:17 [restartedMain] [RepositoryConfigurationExtensionSupport-isStrictRepositoryCandidate:349] - Spring Data JDBC - Could not safely identify store assignment for repository candidate interface com.meta.ponkids.domain.user.repository.UserRepository; If you want this repository to be a JDBC repository, consider annotating your entities with one of these annotations: org.springframework.data.relational.core.mapping.Table.
INFO  24-02-07 03:11:17 [restartedMain] [RepositoryConfigurationExtensionSupport-isStrictRepositoryCandidate:349] - Spring Data JDBC - Could not safely identify store assignment for repository candidate interface com.meta.ponkids.domain.user.repository.UserRoleRepository; If you want this repository to be a JDBC repository, consider annotating your entities with one of these annotations: org.springframework.data.relational.core.mapping.Table.
INFO  24-02-07 03:11:17 [restartedMain] [RepositoryConfigurationDelegate-registerRepositoriesIn:201] - Finished Spring Data repository scanning in 119 ms. Found 0 JDBC repository interfaces.
INFO  24-02-07 03:11:17 [restartedMain] [RepositoryConfigurationDelegate-multipleStoresDetected:262] - Multiple Spring Data modules found, entering strict repository configuration mode
INFO  24-02-07 03:11:17 [restartedMain] [RepositoryConfigurationDelegate-registerRepositoriesIn:132] - Bootstrapping Spring Data JPA repositories in DEFAULT mode.
INFO  24-02-07 03:11:17 [restartedMain] [RepositoryConfigurationDelegate-registerRepositoriesIn:201] - Finished Spring Data repository scanning in 224 ms. Found 25 JPA repository interfaces.
INFO  24-02-07 03:11:17 [restartedMain] [PostProcessorRegistrationDelegate$BeanPostProcessorChecker-postProcessAfterInitialization:376] - Bean 'org.springframework.ws.config.annotation.DelegatingWsConfiguration' of type [org.springframework.ws.config.annotation.DelegatingWsConfiguration$$EnhancerBySpringCGLIB$$6d301ba9] is not eligible for getting processed by all BeanPostProcessors (for example: not eligible for auto-proxying)
INFO  24-02-07 03:11:17 [restartedMain] [AnnotationActionEndpointMapping-afterPropertiesSet:239] - Supporting [WS-Addressing August 2004, WS-Addressing 1.0]
INFO  24-02-07 03:11:18 [restartedMain] [TomcatWebServer-initialize:108] - Tomcat initialized with port(s): 8080 (http)
INFO  24-02-07 03:11:18 [restartedMain] [Http11NioProtocol-log:173] - Initializing ProtocolHandler ["http-nio-8080"]
INFO  24-02-07 03:11:18 [restartedMain] [StandardService-log:173] - Starting service [Tomcat]
INFO  24-02-07 03:11:18 [restartedMain] [StandardEngine-log:173] - Starting Servlet engine: [Apache Tomcat/9.0.82]
INFO  24-02-07 03:11:18 [restartedMain] [[/]-log:173] - Initializing Spring embedded WebApplicationContext
INFO  24-02-07 03:11:18 [restartedMain] [ServletWebServerApplicationContext-prepareWebApplicationContext:292] - Root WebApplicationContext: initialization completed in 2688 ms
INFO  24-02-07 03:11:19 [restartedMain] [LogHelper-logPersistenceUnitInformation:31] - HHH000204: Processing PersistenceUnitInfo [name: default]
INFO  24-02-07 03:11:19 [restartedMain] [Version-logVersion:44] - HHH000412: Hibernate ORM core version 5.6.15.Final
INFO  24-02-07 03:11:19 [restartedMain] [Version-<clinit>:56] - HCANN000001: Hibernate Commons Annotations {5.1.2.Final}
INFO  24-02-07 03:11:19 [restartedMain] [HikariDataSource-getConnection:110] - HikariPool-1 - Starting...
INFO  24-02-07 03:11:19 [restartedMain] [HikariDataSource-getConnection:123] - HikariPool-1 - Start completed.
INFO  24-02-07 03:11:19 [restartedMain] [Dialect-<init>:175] - HHH000400: Using dialect: org.hibernate.dialect.PostgreSQL10Dialect
INFO  24-02-07 03:11:20 [restartedMain] [p6spy-logSQL:60] - #1707243080337 | took 22ms | statement | connection 1| url jdbc:postgresql://db.jjeovi.gabia.io:5432/dbjjeovi
select * from information_schema.sequences
select * from information_schema.sequences;
INFO  24-02-07 03:11:21 [restartedMain] [JtaPlatformInitiator-initiateService:52] - HHH000490: Using JtaPlatform implementation: [org.hibernate.engine.transaction.jta.platform.internal.NoJtaPlatform]
INFO  24-02-07 03:11:21 [restartedMain] [LocalContainerEntityManagerFactoryBean-buildNativeEntityManagerFactory:437] - Initialized JPA EntityManagerFactory for persistence unit 'default'
WARN  24-02-07 03:11:23 [restartedMain] [JpaBaseConfiguration$JpaWebConfiguration-openEntityManagerInViewInterceptor:223] - spring.jpa.open-in-view is enabled by default. Therefore, database queries may be performed during view rendering. Explicitly configure spring.jpa.open-in-view to disable this warning
DEBUG 24-02-07 03:11:23 [restartedMain] [ExpressionBasedFilterInvocationSecurityMetadataSource-process:72] - Adding web access control expression [permitAll] for ExactUrl [processUrl='/login']
DEBUG 24-02-07 03:11:23 [restartedMain] [ExpressionBasedFilterInvocationSecurityMetadataSource-process:72] - Adding web access control expression [permitAll] for ExactUrl [processUrl='/admLogin']
DEBUG 24-02-07 03:11:23 [restartedMain] [ExpressionBasedFilterInvocationSecurityMetadataSource-process:72] - Adding web access control expression [permitAll] for Ant [pattern='/**']
INFO  24-02-07 03:11:23 [restartedMain] [DefaultSecurityFilterChain-<init>:55] - Will secure any request with [org.springframework.security.web.session.DisableEncodeUrlFilter@6007b9b9, org.springframework.security.web.session.ForceEagerSessionCreationFilter@11ecaab1, org.springframework.security.web.session.ForceEagerSessionCreationFilter@632ac9d, org.springframework.security.web.context.request.async.WebAsyncManagerIntegrationFilter@4264c0e6, org.springframework.security.web.context.SecurityContextPersistenceFilter@398e04ed, org.springframework.security.web.header.HeaderWriterFilter@192b5252, org.springframework.security.web.csrf.CsrfFilter@54b166d8, org.springframework.security.web.authentication.logout.LogoutFilter@36a7b0c1, org.springframework.security.oauth2.client.web.OAuth2AuthorizationRequestRedirectFilter@7c23f15d, org.springframework.security.oauth2.client.web.OAuth2LoginAuthenticationFilter@255bcd10, org.springframework.security.web.authentication.UsernamePasswordAuthenticationFilter@1b211456, org.springframework.security.web.authentication.ui.DefaultLoginPageGeneratingFilter@1cd433da, org.springframework.security.web.authentication.ui.DefaultLogoutPageGeneratingFilter@27ea0f1b, org.springframework.security.web.savedrequest.RequestCacheAwareFilter@1162c69f, org.springframework.security.web.servletapi.SecurityContextHolderAwareRequestFilter@6ffd8fe1, org.springframework.security.web.authentication.AnonymousAuthenticationFilter@7afdb02e, org.springframework.security.web.session.SessionManagementFilter@d986bbf, org.springframework.security.web.access.ExceptionTranslationFilter@4158b5af, org.springframework.security.web.access.intercept.FilterSecurityInterceptor@18eee7f5]
INFO  24-02-07 03:11:23 [restartedMain] [WelcomePageHandlerMapping-<init>:60] - Adding welcome page template: index
INFO  24-02-07 03:11:24 [restartedMain] [OptionalLiveReloadServer-startServer:59] - LiveReload server is running on port 35729
INFO  24-02-07 03:11:24 [restartedMain] [Http11NioProtocol-log:173] - Starting ProtocolHandler ["http-nio-8080"]
INFO  24-02-07 03:11:24 [restartedMain] [TomcatWebServer-start:220] - Tomcat started on port(s): 8080 (http) with context path ''
INFO  24-02-07 03:11:24 [restartedMain] [PonkidsApplication-logStarted:61] - Started PonkidsApplication in 9.755 seconds (JVM running for 10.405)
INFO  24-02-07 03:11:48 [File Watcher] [LocalDevToolsAutoConfiguration$RestartingClassPathChangeChangedEventListener-onApplicationEvent:211] - Restarting due to 1 class path change (0 additions, 0 deletions, 1 modification)
INFO  24-02-07 03:11:48 [Thread-5] [Http11NioProtocol-log:173] - Pausing ProtocolHandler ["http-nio-8080"]
INFO  24-02-07 03:11:48 [Thread-5] [StandardService-log:173] - Stopping service [Tomcat]
INFO  24-02-07 03:11:48 [Thread-5] [Http11NioProtocol-log:173] - Stopping ProtocolHandler ["http-nio-8080"]
INFO  24-02-07 03:11:48 [Thread-5] [Http11NioProtocol-log:173] - Destroying ProtocolHandler ["http-nio-8080"]
INFO  24-02-07 03:11:48 [Thread-5] [LocalContainerEntityManagerFactoryBean-destroy:651] - Closing JPA EntityManagerFactory for persistence unit 'default'
INFO  24-02-07 03:11:48 [Thread-5] [HikariDataSource-close:350] - HikariPool-1 - Shutdown initiated...
INFO  24-02-07 03:11:48 [Thread-5] [HikariDataSource-close:352] - HikariPool-1 - Shutdown completed.
INFO  24-02-07 03:11:48 [restartedMain] [PonkidsApplication-logStarting:55] - Starting PonkidsApplication using Java 18.0.2.1 on LAPTOP-ABAR1HUM with PID 3184 (C:\Users\USER\Desktop\jjeovi\ponkids\eclipse\workspace\ponkids\bin\main started by USER in C:\Users\USER\Desktop\jjeovi\ponkids\eclipse\workspace\ponkids)
INFO  24-02-07 03:11:48 [restartedMain] [PonkidsApplication-logStartupProfileInfo:638] - The following 3 profiles are active: "sns", "file-logging", "local"
INFO  24-02-07 03:11:48 [restartedMain] [RepositoryConfigurationDelegate-multipleStoresDetected:262] - Multiple Spring Data modules found, entering strict repository configuration mode
INFO  24-02-07 03:11:48 [restartedMain] [RepositoryConfigurationDelegate-registerRepositoriesIn:132] - Bootstrapping Spring Data JDBC repositories in DEFAULT mode.
INFO  24-02-07 03:11:48 [restartedMain] [RepositoryConfigurationExtensionSupport-isStrictRepositoryCandidate:349] - Spring Data JDBC - Could not safely identify store assignment for repository candidate interface com.meta.ponkids.domain.bbs.repository.BbsRepository; If you want this repository to be a JDBC repository, consider annotating your entities with one of these annotations: org.springframework.data.relational.core.mapping.Table.
INFO  24-02-07 03:11:48 [restartedMain] [RepositoryConfigurationExtensionSupport-isStrictRepositoryCandidate:349] - Spring Data JDBC - Could not safely identify store assignment for repository candidate interface com.meta.ponkids.domain.cls.repository.ClassCategoryCl01Repository; If you want this repository to be a JDBC repository, consider annotating your entities with one of these annotations: org.springframework.data.relational.core.mapping.Table.
INFO  24-02-07 03:11:48 [restartedMain] [RepositoryConfigurationExtensionSupport-isStrictRepositoryCandidate:349] - Spring Data JDBC - Could not safely identify store assignment for repository candidate interface com.meta.ponkids.domain.cls.repository.ClassCategoryCl02Repository; If you want this repository to be a JDBC repository, consider annotating your entities with one of these annotations: org.springframework.data.relational.core.mapping.Table.
INFO  24-02-07 03:11:48 [restartedMain] [RepositoryConfigurationExtensionSupport-isStrictRepositoryCandidate:349] - Spring Data JDBC - Could not safely identify store assignment for repository candidate interface com.meta.ponkids.domain.cls.repository.ClassDetailOptnRepository; If you want this repository to be a JDBC repository, consider annotating your entities with one of these annotations: org.springframework.data.relational.core.mapping.Table.
INFO  24-02-07 03:11:48 [restartedMain] [RepositoryConfigurationExtensionSupport-isStrictRepositoryCandidate:349] - Spring Data JDBC - Could not safely identify store assignment for repository candidate interface com.meta.ponkids.domain.cls.repository.ClassDetailRepository; If you want this repository to be a JDBC repository, consider annotating your entities with one of these annotations: org.springframework.data.relational.core.mapping.Table.
INFO  24-02-07 03:11:48 [restartedMain] [RepositoryConfigurationExtensionSupport-isStrictRepositoryCandidate:349] - Spring Data JDBC - Could not safely identify store assignment for repository candidate interface com.meta.ponkids.domain.cls.repository.ClassRepository; If you want this repository to be a JDBC repository, consider annotating your entities with one of these annotations: org.springframework.data.relational.core.mapping.Table.
INFO  24-02-07 03:11:48 [restartedMain] [RepositoryConfigurationExtensionSupport-isStrictRepositoryCandidate:349] - Spring Data JDBC - Could not safely identify store assignment for repository candidate interface com.meta.ponkids.domain.cls.repository.ClassWeekRepository; If you want this repository to be a JDBC repository, consider annotating your entities with one of these annotations: org.springframework.data.relational.core.mapping.Table.
INFO  24-02-07 03:11:49 [restartedMain] [RepositoryConfigurationExtensionSupport-isStrictRepositoryCandidate:349] - Spring Data JDBC - Could not safely identify store assignment for repository candidate interface com.meta.ponkids.domain.lctre.repository.LctreRepository; If you want this repository to be a JDBC repository, consider annotating your entities with one of these annotations: org.springframework.data.relational.core.mapping.Table.
INFO  24-02-07 03:11:49 [restartedMain] [RepositoryConfigurationExtensionSupport-isStrictRepositoryCandidate:349] - Spring Data JDBC - Could not safely identify store assignment for repository candidate interface com.meta.ponkids.domain.ntt.repository.NttReplyRepository; If you want this repository to be a JDBC repository, consider annotating your entities with one of these annotations: org.springframework.data.relational.core.mapping.Table.
INFO  24-02-07 03:11:49 [restartedMain] [RepositoryConfigurationExtensionSupport-isStrictRepositoryCandidate:349] - Spring Data JDBC - Could not safely identify store assignment for repository candidate interface com.meta.ponkids.domain.ntt.repository.NttRepository; If you want this repository to be a JDBC repository, consider annotating your entities with one of these annotations: org.springframework.data.relational.core.mapping.Table.
INFO  24-02-07 03:11:49 [restartedMain] [RepositoryConfigurationExtensionSupport-isStrictRepositoryCandidate:349] - Spring Data JDBC - Could not safely identify store assignment for repository candidate interface com.meta.ponkids.domain.system.banner.repository.BannerRepository; If you want this repository to be a JDBC repository, consider annotating your entities with one of these annotations: org.springframework.data.relational.core.mapping.Table.
INFO  24-02-07 03:11:49 [restartedMain] [RepositoryConfigurationExtensionSupport-isStrictRepositoryCandidate:349] - Spring Data JDBC - Could not safely identify store assignment for repository candidate interface com.meta.ponkids.domain.system.cmmnCd.repository.CmmnCdDetailRepository; If you want this repository to be a JDBC repository, consider annotating your entities with one of these annotations: org.springframework.data.relational.core.mapping.Table.
INFO  24-02-07 03:11:49 [restartedMain] [RepositoryConfigurationExtensionSupport-isStrictRepositoryCandidate:349] - Spring Data JDBC - Could not safely identify store assignment for repository candidate interface com.meta.ponkids.domain.system.cmmnCd.repository.CmmnCdRepository; If you want this repository to be a JDBC repository, consider annotating your entities with one of these annotations: org.springframework.data.relational.core.mapping.Table.
INFO  24-02-07 03:11:49 [restartedMain] [RepositoryConfigurationExtensionSupport-isStrictRepositoryCandidate:349] - Spring Data JDBC - Could not safely identify store assignment for repository candidate interface com.meta.ponkids.domain.system.file.repository.AtchFileDetailRepository; If you want this repository to be a JDBC repository, consider annotating your entities with one of these annotations: org.springframework.data.relational.core.mapping.Table.
INFO  24-02-07 03:11:49 [restartedMain] [RepositoryConfigurationExtensionSupport-isStrictRepositoryCandidate:349] - Spring Data JDBC - Could not safely identify store assignment for repository candidate interface com.meta.ponkids.domain.system.file.repository.AtchFileRepository; If you want this repository to be a JDBC repository, consider annotating your entities with one of these annotations: org.springframework.data.relational.core.mapping.Table.
INFO  24-02-07 03:11:49 [restartedMain] [RepositoryConfigurationExtensionSupport-isStrictRepositoryCandidate:349] - Spring Data JDBC - Could not safely identify store assignment for repository candidate interface com.meta.ponkids.domain.system.login.repository.LoginRepository; If you want this repository to be a JDBC repository, consider annotating your entities with one of these annotations: org.springframework.data.relational.core.mapping.Table.
INFO  24-02-07 03:11:49 [restartedMain] [RepositoryConfigurationExtensionSupport-isStrictRepositoryCandidate:349] - Spring Data JDBC - Could not safely identify store assignment for repository candidate interface com.meta.ponkids.domain.system.menu.repository.AdminMenuHierarchyRepository; If you want this repository to be a JDBC repository, consider annotating your entities with one of these annotations: org.springframework.data.relational.core.mapping.Table.
INFO  24-02-07 03:11:49 [restartedMain] [RepositoryConfigurationExtensionSupport-isStrictRepositoryCandidate:349] - Spring Data JDBC - Could not safely identify store assignment for repository candidate interface com.meta.ponkids.domain.system.menu.repository.MenuRepository; If you want this repository to be a JDBC repository, consider annotating your entities with one of these annotations: org.springframework.data.relational.core.mapping.Table.
INFO  24-02-07 03:11:49 [restartedMain] [RepositoryConfigurationExtensionSupport-isStrictRepositoryCandidate:349] - Spring Data JDBC - Could not safely identify store assignment for repository candidate interface com.meta.ponkids.domain.system.menu.repository.MenuRoleRepository; If you want this repository to be a JDBC repository, consider annotating your entities with one of these annotations: org.springframework.data.relational.core.mapping.Table.
INFO  24-02-07 03:11:49 [restartedMain] [RepositoryConfigurationExtensionSupport-isStrictRepositoryCandidate:349] - Spring Data JDBC - Could not safely identify store assignment for repository candidate interface com.meta.ponkids.domain.system.menu.repository.UserMenuHierarchyRepository; If you want this repository to be a JDBC repository, consider annotating your entities with one of these annotations: org.springframework.data.relational.core.mapping.Table.
INFO  24-02-07 03:11:49 [restartedMain] [RepositoryConfigurationExtensionSupport-isStrictRepositoryCandidate:349] - Spring Data JDBC - Could not safely identify store assignment for repository candidate interface com.meta.ponkids.domain.system.popup.repository.PopupRepository; If you want this repository to be a JDBC repository, consider annotating your entities with one of these annotations: org.springframework.data.relational.core.mapping.Table.
INFO  24-02-07 03:11:49 [restartedMain] [RepositoryConfigurationExtensionSupport-isStrictRepositoryCandidate:349] - Spring Data JDBC - Could not safely identify store assignment for repository candidate interface com.meta.ponkids.domain.system.role.repository.RoleRepository; If you want this repository to be a JDBC repository, consider annotating your entities with one of these annotations: org.springframework.data.relational.core.mapping.Table.
INFO  24-02-07 03:11:49 [restartedMain] [RepositoryConfigurationExtensionSupport-isStrictRepositoryCandidate:349] - Spring Data JDBC - Could not safely identify store assignment for repository candidate interface com.meta.ponkids.domain.user.repository.UserChldrnRepository; If you want this repository to be a JDBC repository, consider annotating your entities with one of these annotations: org.springframework.data.relational.core.mapping.Table.
INFO  24-02-07 03:11:49 [restartedMain] [RepositoryConfigurationExtensionSupport-isStrictRepositoryCandidate:349] - Spring Data JDBC - Could not safely identify store assignment for repository candidate interface com.meta.ponkids.domain.user.repository.UserRepository; If you want this repository to be a JDBC repository, consider annotating your entities with one of these annotations: org.springframework.data.relational.core.mapping.Table.
INFO  24-02-07 03:11:49 [restartedMain] [RepositoryConfigurationExtensionSupport-isStrictRepositoryCandidate:349] - Spring Data JDBC - Could not safely identify store assignment for repository candidate interface com.meta.ponkids.domain.user.repository.UserRoleRepository; If you want this repository to be a JDBC repository, consider annotating your entities with one of these annotations: org.springframework.data.relational.core.mapping.Table.
INFO  24-02-07 03:11:49 [restartedMain] [RepositoryConfigurationDelegate-registerRepositoriesIn:201] - Finished Spring Data repository scanning in 111 ms. Found 0 JDBC repository interfaces.
INFO  24-02-07 03:11:49 [restartedMain] [RepositoryConfigurationDelegate-multipleStoresDetected:262] - Multiple Spring Data modules found, entering strict repository configuration mode
INFO  24-02-07 03:11:49 [restartedMain] [RepositoryConfigurationDelegate-registerRepositoriesIn:132] - Bootstrapping Spring Data JPA repositories in DEFAULT mode.
INFO  24-02-07 03:11:49 [restartedMain] [RepositoryConfigurationDelegate-registerRepositoriesIn:201] - Finished Spring Data repository scanning in 216 ms. Found 25 JPA repository interfaces.
INFO  24-02-07 03:11:49 [restartedMain] [PostProcessorRegistrationDelegate$BeanPostProcessorChecker-postProcessAfterInitialization:376] - Bean 'org.springframework.ws.config.annotation.DelegatingWsConfiguration' of type [org.springframework.ws.config.annotation.DelegatingWsConfiguration$$EnhancerBySpringCGLIB$$6d301ba9] is not eligible for getting processed by all BeanPostProcessors (for example: not eligible for auto-proxying)
INFO  24-02-07 03:11:49 [restartedMain] [AnnotationActionEndpointMapping-afterPropertiesSet:239] - Supporting [WS-Addressing August 2004, WS-Addressing 1.0]
INFO  24-02-07 03:11:49 [restartedMain] [TomcatWebServer-initialize:108] - Tomcat initialized with port(s): 8080 (http)
INFO  24-02-07 03:11:49 [restartedMain] [Http11NioProtocol-log:173] - Initializing ProtocolHandler ["http-nio-8080"]
INFO  24-02-07 03:11:49 [restartedMain] [StandardService-log:173] - Starting service [Tomcat]
INFO  24-02-07 03:11:49 [restartedMain] [StandardEngine-log:173] - Starting Servlet engine: [Apache Tomcat/9.0.82]
INFO  24-02-07 03:11:49 [restartedMain] [[/]-log:173] - Initializing Spring embedded WebApplicationContext
INFO  24-02-07 03:11:49 [restartedMain] [ServletWebServerApplicationContext-prepareWebApplicationContext:292] - Root WebApplicationContext: initialization completed in 1192 ms
INFO  24-02-07 03:11:49 [restartedMain] [LogHelper-logPersistenceUnitInformation:31] - HHH000204: Processing PersistenceUnitInfo [name: default]
INFO  24-02-07 03:11:49 [restartedMain] [HikariDataSource-getConnection:110] - HikariPool-2 - Starting...
INFO  24-02-07 03:11:49 [restartedMain] [HikariDataSource-getConnection:123] - HikariPool-2 - Start completed.
INFO  24-02-07 03:11:49 [restartedMain] [Dialect-<init>:175] - HHH000400: Using dialect: org.hibernate.dialect.PostgreSQL10Dialect
INFO  24-02-07 03:11:49 [restartedMain] [p6spy-logSQL:60] - #1707243109958 | took 21ms | statement | connection 4| url jdbc:postgresql://db.jjeovi.gabia.io:5432/dbjjeovi
select * from information_schema.sequences
select * from information_schema.sequences;
INFO  24-02-07 03:11:50 [restartedMain] [JtaPlatformInitiator-initiateService:52] - HHH000490: Using JtaPlatform implementation: [org.hibernate.engine.transaction.jta.platform.internal.NoJtaPlatform]
INFO  24-02-07 03:11:50 [restartedMain] [LocalContainerEntityManagerFactoryBean-buildNativeEntityManagerFactory:437] - Initialized JPA EntityManagerFactory for persistence unit 'default'
WARN  24-02-07 03:11:51 [restartedMain] [JpaBaseConfiguration$JpaWebConfiguration-openEntityManagerInViewInterceptor:223] - spring.jpa.open-in-view is enabled by default. Therefore, database queries may be performed during view rendering. Explicitly configure spring.jpa.open-in-view to disable this warning
DEBUG 24-02-07 03:11:51 [restartedMain] [ExpressionBasedFilterInvocationSecurityMetadataSource-process:72] - Adding web access control expression [permitAll] for ExactUrl [processUrl='/login']
DEBUG 24-02-07 03:11:51 [restartedMain] [ExpressionBasedFilterInvocationSecurityMetadataSource-process:72] - Adding web access control expression [permitAll] for ExactUrl [processUrl='/admLogin']
DEBUG 24-02-07 03:11:51 [restartedMain] [ExpressionBasedFilterInvocationSecurityMetadataSource-process:72] - Adding web access control expression [permitAll] for Ant [pattern='/**']
INFO  24-02-07 03:11:51 [restartedMain] [DefaultSecurityFilterChain-<init>:55] - Will secure any request with [org.springframework.security.web.session.DisableEncodeUrlFilter@1e392acc, org.springframework.security.web.session.ForceEagerSessionCreationFilter@54d5a70c, org.springframework.security.web.session.ForceEagerSessionCreationFilter@2e8ea0ef, org.springframework.security.web.context.request.async.WebAsyncManagerIntegrationFilter@7eed1383, org.springframework.security.web.context.SecurityContextPersistenceFilter@1ab09857, org.springframework.security.web.header.HeaderWriterFilter@660f0c5e, org.springframework.security.web.csrf.CsrfFilter@66894b43, org.springframework.security.web.authentication.logout.LogoutFilter@568853e9, org.springframework.security.oauth2.client.web.OAuth2AuthorizationRequestRedirectFilter@31337429, org.springframework.security.oauth2.client.web.OAuth2LoginAuthenticationFilter@2f91350c, org.springframework.security.web.authentication.UsernamePasswordAuthenticationFilter@54a3d0af, org.springframework.security.web.authentication.ui.DefaultLoginPageGeneratingFilter@54ee96f2, org.springframework.security.web.authentication.ui.DefaultLogoutPageGeneratingFilter@58f27007, org.springframework.security.web.savedrequest.RequestCacheAwareFilter@4c30aa3, org.springframework.security.web.servletapi.SecurityContextHolderAwareRequestFilter@f3cd622, org.springframework.security.web.authentication.AnonymousAuthenticationFilter@f4a5e9f, org.springframework.security.web.session.SessionManagementFilter@27120b1, org.springframework.security.web.access.ExceptionTranslationFilter@3230c75e, org.springframework.security.web.access.intercept.FilterSecurityInterceptor@31c01b21]
INFO  24-02-07 03:11:52 [restartedMain] [WelcomePageHandlerMapping-<init>:60] - Adding welcome page template: index
INFO  24-02-07 03:11:52 [restartedMain] [OptionalLiveReloadServer-startServer:59] - LiveReload server is running on port 35729
INFO  24-02-07 03:11:52 [restartedMain] [Http11NioProtocol-log:173] - Starting ProtocolHandler ["http-nio-8080"]
INFO  24-02-07 03:11:52 [restartedMain] [TomcatWebServer-start:220] - Tomcat started on port(s): 8080 (http) with context path ''
INFO  24-02-07 03:11:52 [restartedMain] [PonkidsApplication-logStarted:61] - Started PonkidsApplication in 3.932 seconds (JVM running for 37.763)
INFO  24-02-07 03:11:52 [restartedMain] [ConditionEvaluationDeltaLoggingListener-onApplicationEvent:63] - Condition evaluation unchanged
