[2024-02-07 09:38:41:5239] INFO  2556 --- [    Test worker] .s.d.r.c.RepositoryConfigurationDelegate : Multiple Spring Data modules found, entering strict repository configuration mode
[2024-02-07 09:38:41:5253] INFO  2556 --- [    Test worker] .s.d.r.c.RepositoryConfigurationDelegate : Bootstrapping Spring Data JPA repositories in DEFAULT mode.
[2024-02-07 09:38:42:5938] INFO  2556 --- [    Test worker] .s.d.r.c.RepositoryConfigurationDelegate : Finished Spring Data repository scanning in 677 ms. Found 25 JPA repository interfaces.
[2024-02-07 09:38:43:6992] INFO  2556 --- [    Test worker] trationDelegate$BeanPostProcessorChecker : Bean 'org.springframework.ws.config.annotation.DelegatingWsConfiguration' of type [org.springframework.ws.config.annotation.DelegatingWsConfiguration$$EnhancerBySpringCGLIB$$5f832b2d] is not eligible for getting processed by all BeanPostProcessors (for example: not eligible for auto-proxying)
[2024-02-07 09:38:43:7119] INFO  2556 --- [    Test worker] .w.s.a.s.AnnotationActionEndpointMapping : Supporting [WS-Addressing August 2004, WS-Addressing 1.0]
[2024-02-07 09:38:45:8960] INFO  2556 --- [    Test worker] org.hibernate.Version                    : HHH000412: Hibernate ORM core version 5.6.15.Final
[2024-02-07 09:38:46:9507] INFO  2556 --- [    Test worker] o.h.annotations.common.Version           : HCANN000001: Hibernate Commons Annotations {5.1.2.Final}
[2024-02-07 09:38:46:9830] INFO  2556 --- [    Test worker] com.zaxxer.hikari.HikariDataSource       : HikariPool-1 - Starting...
[2024-02-07 09:38:46:10234] INFO  2556 --- [    Test worker] com.zaxxer.hikari.HikariDataSource       : HikariPool-1 - Start completed.
[2024-02-07 09:38:46:10310] INFO  2556 --- [    Test worker] org.hibernate.dialect.Dialect            : HHH000400: Using dialect: org.hibernate.dialect.PostgreSQL10Dialect
[2024-02-07 09:38:48:12005] INFO  2556 --- [    Test worker] p6spy                                    : #1707266328671 | took 26ms | statement | connection 1| url jdbc:postgresql://db.jjeovi.gabia.io:5432/dbjjeovi
select * from information_schema.sequences
select * from information_schema.sequences;
[2024-02-07 09:38:50:14110] INFO  2556 --- [    Test worker] o.h.e.t.j.p.i.JtaPlatformInitiator       : HHH000490: Using JtaPlatform implementation: [org.hibernate.engine.transaction.jta.platform.internal.NoJtaPlatform]
[2024-02-07 09:38:50:14146] INFO  2556 --- [    Test worker] j.LocalContainerEntityManagerFactoryBean : Initialized JPA EntityManagerFactory for persistence unit 'default'
[2024-02-07 09:38:57:20695] INFO  2556 --- [    Test worker] o.s.s.web.DefaultSecurityFilterChain     : Will secure any request with [org.springframework.security.web.session.DisableEncodeUrlFilter@252da8f, org.springframework.security.web.session.ForceEagerSessionCreationFilter@3a973b5e, org.springframework.security.web.session.ForceEagerSessionCreationFilter@10ecdd85, org.springframework.security.web.context.request.async.WebAsyncManagerIntegrationFilter@6225c800, org.springframework.security.web.context.SecurityContextPersistenceFilter@21b05a8a, org.springframework.security.web.header.HeaderWriterFilter@5d685156, org.springframework.security.web.csrf.CsrfFilter@2a8e93db, org.springframework.security.web.authentication.logout.LogoutFilter@72ab75c, org.springframework.security.oauth2.client.web.OAuth2AuthorizationRequestRedirectFilter@7fda0e30, org.springframework.security.oauth2.client.web.OAuth2LoginAuthenticationFilter@6fcf3192, org.springframework.security.web.authentication.UsernamePasswordAuthenticationFilter@32e9c8, org.springframework.security.web.authentication.ui.DefaultLoginPageGeneratingFilter@ced7e4a, org.springframework.security.web.authentication.ui.DefaultLogoutPageGeneratingFilter@3e60b1b, org.springframework.security.web.savedrequest.RequestCacheAwareFilter@16acf986, org.springframework.security.web.servletapi.SecurityContextHolderAwareRequestFilter@240fe338, org.springframework.security.web.authentication.AnonymousAuthenticationFilter@17f43f4a, org.springframework.security.web.session.SessionManagementFilter@5b3c491e, org.springframework.security.web.access.ExceptionTranslationFilter@58fe7e22, org.springframework.security.web.access.intercept.FilterSecurityInterceptor@5aac9d67]
[2024-02-07 09:38:58:22295] INFO  2556 --- [    Test worker] o.s.b.a.w.s.WelcomePageHandlerMapping    : Adding welcome page template: index
[2024-02-07 09:39:01:24585] INFO  2556 --- [    Test worker] c.m.ponkids.PonkidsApplicationTests      : Started PonkidsApplicationTests in 23.715 seconds (JVM running for 26.523)
[2024-02-07 09:39:01:25326] INFO  2556 --- [ionShutdownHook] j.LocalContainerEntityManagerFactoryBean : Closing JPA EntityManagerFactory for persistence unit 'default'
[2024-02-07 09:39:01:25329] INFO  2556 --- [ionShutdownHook] com.zaxxer.hikari.HikariDataSource       : HikariPool-1 - Shutdown initiated...
[2024-02-07 09:39:02:25340] INFO  2556 --- [ionShutdownHook] com.zaxxer.hikari.HikariDataSource       : HikariPool-1 - Shutdown completed.
